[2026-02-04 11:41:27] [INFO] PikSend: PikSend plugin initialized
[2026-02-04 11:41:27] [INFO] PikSendAPI: Fetched 1 galleries
[2026-02-04 11:41:27] [INFO] PikSendAPI: Image uploaded: img_1770201687_7068
[2026-02-04 11:41:27] [INFO] PikSendAPI: Fetched 1 galleries
[2026-02-04 11:41:27] [INFO] PikSendAPI: Image uploaded: img_1770201687_1265
[2026-02-04 11:41:27] [INFO] PikSendAPI: Image uploaded: img_1770201687_3160
[2026-02-04 11:41:27] [INFO] PikSendAPI: Image uploaded: img_1770201687_3257
[2026-02-04 11:41:27] [INFO] PikSendAPI: Image uploaded: img_1770201687_7915
[2026-02-04 11:41:27] [INFO] PikSendAPI: Image uploaded: img_1770201687_5426
[2026-02-04 11:41:27] [INFO] PikSendAPI: Fetched 1 galleries
[2026-02-04 11:41:27] [INFO] PikSendAPI: Image uploaded: img_1770201687_8658
[2026-02-04 11:41:27] [INFO] PikSendAPI: Fetched 1 galleries
[2026-02-04 11:41:27] [INFO] PikSendAPI: Image uploaded: img_1770201687_4249
[2026-02-04 11:41:27] [INFO] PikSendAPI: Fetched 1 galleries
[2026-02-04 11:41:27] [INFO] PikSendAPI: Image uploaded: img_1770201687_8319
[2026-02-04 11:41:27] [INFO] PikSendAPI: Fetched 1 galleries
[2026-02-04 11:41:27] [INFO] PikSendAPI: Image uploaded: img_1770201687_7719
[2026-02-04 11:41:27] [INFO] PikSendAPI: Image uploaded: img_1770201687_5228
[2026-02-04 11:41:27] [INFO] PikSendAPI: Image uploaded: img_1770201687_8664
[2026-02-04 11:41:27] [INFO] PikSendAPI: Image uploaded: img_1770201687_5740
[2026-02-04 11:41:27] [INFO] PikSendAPI: Image uploaded: img_1770201687_4731
[2026-02-04 11:41:27] [INFO] PikSendAPI: Image uploaded: img_1770201687_9686
[2026-02-04 11:41:27] [INFO] PikSendAPI: Image uploaded: img_1770201687_3284
[2026-02-04 11:41:27] [INFO] PikSendAPI: Image uploaded: img_1770201687_2873
[2026-02-04 11:41:27] [INFO] PikSendAPI: Image uploaded: img_1770201687_4973
[2026-02-04 11:41:27] [INFO] PikSendAPI: Image uploaded: img_1770201687_3808
[2026-02-04 11:41:27] [INFO] PikSendAPI: Fetched 1 galleries
[2026-02-04 11:41:27] [INFO] PikSendAPI: Image uploaded: img_1770201687_7008
[2026-02-04 11:41:27] [INFO] PikSendAPI: Image uploaded: img_1770201687_8878
[2026-02-04 11:41:27] [INFO] PikSendAPI: Image uploaded: img_1770201687_5817
[2026-02-04 11:41:27] [INFO] PikSendAPI: Image uploaded: img_1770201687_9852
[2026-02-04 11:41:27] [INFO] PikSendAPI: Image uploaded: img_1770201687_9932
[2026-02-04 11:41:27] [INFO] PikSendAPI: Image uploaded: img_1770201687_9899
[2026-02-04 11:41:27] [INFO] PikSendAPI: Image uploaded: img_1770201687_1036
[2026-02-04 11:41:27] [INFO] PikSendAPI: Image uploaded: img_1770201687_1088
[2026-02-04 11:41:27] [INFO] PikSendAPI: Image uploaded: img_1770201687_8147
[2026-02-04 11:41:27] [ERROR] PikSendErrorHandler: API Error: code=TOKEN_INVALID, status=401, message=no message
[2026-02-04 11:41:27] [WARN] PikSendErrorHandler: Validation Error: TOKEN_INVALID
[2026-02-04 11:41:27] [INFO] PikSendAPI: Fetched 1 galleries
[2026-02-04 11:41:27] [INFO] PikSendAPI: Image uploaded: img_1770201687_7380
[2026-02-04 11:41:27] [INFO] PikSendAPI: Image uploaded: img_1770201687_5076
[2026-02-04 11:41:27] [INFO] PikSendAPI: Image uploaded: img_1770201687_4407
[2026-02-04 11:49:27] [INFO] PikSend: PikSend plugin initialized
[2026-02-04 11:49:27] [INFO] PikSendAPI: Fetched 1 galleries
[2026-02-04 11:49:27] [INFO] PikSendAPI: Image uploaded: img_1770202167_6350
[2026-02-04 11:49:27] [INFO] PikSendAPI: Fetched 1 galleries
[2026-02-04 11:49:27] [INFO] PikSendAPI: Image uploaded: img_1770202167_1322
[2026-02-04 11:49:27] [INFO] PikSendAPI: Image uploaded: img_1770202167_9635
[2026-02-04 11:49:27] [INFO] PikSendAPI: Image uploaded: img_1770202167_4553
[2026-02-04 11:49:27] [INFO] PikSendAPI: Fetched 1 galleries
[2026-02-04 11:49:27] [INFO] PikSendAPI: Image uploaded: img_1770202167_4957
[2026-02-04 11:49:27] [INFO] PikSendAPI: Fetched 1 galleries
[2026-02-04 11:49:27] [INFO] PikSendAPI: Image uploaded: img_1770202167_9711
[2026-02-04 11:49:27] [INFO] PikSendAPI: Fetched 1 galleries
[2026-02-04 11:49:27] [INFO] PikSendAPI: Image uploaded: img_1770202167_9580
[2026-02-04 11:49:27] [INFO] PikSendAPI: Image uploaded: img_1770202167_6189
[2026-02-04 11:49:27] [INFO] PikSendAPI: Image uploaded: img_1770202167_8242
[2026-02-04 11:49:27] [INFO] PikSendAPI: Fetched 1 galleries
[2026-02-04 11:49:27] [INFO] PikSendAPI: Image uploaded: img_1770202167_3452
[2026-02-04 11:49:27] [INFO] PikSendAPI: Image uploaded: img_1770202167_1213
[2026-02-04 11:49:27] [INFO] PikSendAPI: Image deleted: img_1770202167_3452
[2026-02-04 11:49:27] [INFO] PikSendAPI: Fetched 1 galleries
[2026-02-04 11:49:27] [INFO] PikSendAPI: Image uploaded: img_1770202167_7977
[2026-02-04 11:49:27] [INFO] PikSendAPI: Image uploaded: img_1770202167_7280
[2026-02-04 11:49:27] [INFO] PikSendAPI: Image uploaded: img_1770202167_4053
[2026-02-04 11:49:27] [INFO] PikSendAPI: Image uploaded: img_1770202167_6810
[2026-02-04 11:49:27] [INFO] PikSendAPI: Image uploaded: img_1770202167_7970
[2026-02-04 11:49:27] [INFO] PikSendAPI: Image deleted: img_1770202167_7977
[2026-02-04 11:49:27] [INFO] PikSendAPI: Image deleted: img_1770202167_7280
[2026-02-04 11:49:27] [INFO] PikSendAPI: Image deleted: img_1770202167_4053
[2026-02-04 11:49:27] [INFO] PikSendAPI: Fetched 1 galleries
[2026-02-04 11:49:27] [INFO] PikSendAPI: Image uploaded: img_1770202167_2593
[2026-02-04 11:49:27] [INFO] PikSendAPI: Image uploaded: img_1770202167_8021
[2026-02-04 11:49:27] [INFO] PikSendAPI: Fetched 1 galleries
[2026-02-04 11:49:27] [INFO] PikSendAPI: Image uploaded: img_1770202167_4187
[2026-02-04 11:49:27] [INFO] PikSendAPI: Image uploaded: img_1770202167_4613
[2026-02-04 11:49:27] [INFO] PikSendAPI: Image uploaded: img_1770202167_9175
[2026-02-04 11:49:27] [INFO] PikSendAPI: Image uploaded: img_1770202167_9779
[2026-02-04 11:49:27] [INFO] PikSendAPI: Image uploaded: img_1770202167_2535
[2026-02-04 11:49:27] [INFO] PikSendAPI: Fetched 1 galleries
[2026-02-04 11:49:27] [INFO] PikSendAPI: Image uploaded: img_1770202167_1486
[2026-02-04 11:49:27] [INFO] PikSendAPI: Fetched 1 galleries
[2026-02-04 11:49:27] [INFO] PikSendAPI: Image uploaded: img_1770202167_3270
[2026-02-04 11:49:27] [INFO] PikSendAPI: Image uploaded: img_1770202167_6197
[2026-02-04 11:49:27] [INFO] PikSendAPI: Fetched 1 galleries
[2026-02-04 11:49:27] [INFO] PikSendAPI: Image uploaded: img_1770202167_2547
[2026-02-04 11:49:27] [INFO] PikSendAPI: Image deleted: img_1770202167_2547
[2026-02-04 11:49:27] [INFO] PikSendAPI: Fetched 1 galleries
[2026-02-04 11:49:27] [INFO] PikSendAPI: Fetched 1 galleries
[2026-02-04 11:49:27] [INFO] PikSendAPI: Image uploaded: img_1770202167_3999
[2026-02-04 11:49:27] [INFO] PikSendAPI: Fetched 1 galleries
[2026-02-04 11:49:27] [INFO] PikSendAPI: Fetched 1 galleries
[2026-02-04 11:49:27] [INFO] PikSendAPI: Image uploaded: img_1770202167_9714
[2026-02-04 11:49:27] [INFO] PikSendAPI: Image uploaded: img_1770202167_8998
[2026-02-04 11:49:27] [INFO] PikSendAPI: Image uploaded: img_1770202167_1397
[2026-02-04 11:49:27] [INFO] PikSendAPI: Image uploaded: img_1770202167_2714
[2026-02-04 11:49:27] [INFO] PikSendAPI: Image uploaded: img_1770202167_2666
[2026-02-04 11:49:27] [INFO] PikSendAPI: Fetched 1 galleries
[2026-02-04 11:49:27] [INFO] PikSendAPI: Image uploaded: img_1770202167_4149
[2026-02-04 11:49:27] [INFO] PikSendAPI: Image uploaded: img_1770202167_7992
[2026-02-04 11:49:27] [INFO] PikSendAPI: Image uploaded: img_1770202167_3000
[2026-02-04 11:49:27] [INFO] PikSendAPI: Image uploaded: img_1770202167_2219
[2026-02-04 11:49:27] [INFO] PikSendAPI: Image uploaded: img_1770202167_7752
[2026-02-04 11:49:27] [INFO] PikSendAPI: Image uploaded: img_1770202167_1446
[2026-02-04 11:49:27] [INFO] PikSendAPI: Fetched 1 galleries
[2026-02-04 11:49:27] [INFO] PikSendAPI: Image uploaded: img_1770202167_3109
[2026-02-04 11:49:27] [INFO] PikSendAPI: Fetched 1 galleries
[2026-02-04 11:49:27] [INFO] PikSendAPI: Image uploaded: img_1770202167_5184
[2026-02-04 11:49:27] [INFO] PikSendAPI: Image uploaded: img_1770202167_2737
[2026-02-04 11:49:27] [INFO] PikSendAPI: Image uploaded: img_1770202167_1577
[2026-02-04 11:49:27] [INFO] PikSendAPI: Image uploaded: img_1770202167_8286
[2026-02-04 11:49:27] [INFO] PikSendAPI: Image uploaded: img_1770202167_5538
[2026-02-04 11:49:27] [INFO] PikSendAPI: Image uploaded: img_1770202167_7230
[2026-02-04 11:49:27] [INFO] PikSendAPI: Image uploaded: img_1770202167_3807
[2026-02-04 11:49:27] [INFO] PikSendAPI: Image uploaded: img_1770202167_1661
[2026-02-04 11:49:27] [INFO] PikSendAPI: Image uploaded: img_1770202167_8396
[2026-02-04 11:49:27] [INFO] PikSendAPI: Image uploaded: img_1770202167_8144
[2026-02-04 11:49:27] [INFO] PikSendAPI: Image uploaded: img_1770202167_2558
[2026-02-04 11:49:27] [INFO] PikSendAPI: Image uploaded: img_1770202167_4243
[2026-02-04 11:49:27] [INFO] PikSendAPI: Image uploaded: img_1770202167_1354
[2026-02-04 11:49:27] [INFO] PikSendAPI: Image uploaded: img_1770202167_5802
[2026-02-04 11:49:27] [INFO] PikSendAPI: Image uploaded: img_1770202167_7410
[2026-02-04 11:49:27] [INFO] PikSendAPI: Image uploaded: img_1770202167_9218
[2026-02-04 11:49:27] [INFO] PikSendAPI: Image uploaded: img_1770202167_1440
[2026-02-04 11:49:27] [INFO] PikSendAPI: Image uploaded: img_1770202167_2603
[2026-02-04 11:49:27] [INFO] PikSendAPI: Image uploaded: img_1770202167_9011
[2026-02-04 11:49:27] [INFO] PikSendAPI: Image uploaded: img_1770202167_5377
[2026-02-04 11:49:27] [INFO] PikSendAPI: Image uploaded: img_1770202167_3733
[2026-02-04 11:49:27] [INFO] PikSendAPI: Image uploaded: img_1770202167_2597
[2026-02-04 11:49:27] [INFO] PikSendAPI: Image uploaded: img_1770202167_2198
[2026-02-04 11:49:27] [INFO] PikSendAPI: Image uploaded: img_1770202167_1468
[2026-02-04 11:49:27] [INFO] PikSendAPI: Image uploaded: img_1770202167_9196
[2026-02-04 11:49:27] [INFO] PikSendAPI: Image uploaded: img_1770202167_7016
[2026-02-04 11:49:27] [INFO] PikSendAPI: Image uploaded: img_1770202167_8533
[2026-02-04 11:49:27] [INFO] PikSendAPI: Image uploaded: img_1770202167_1456
[2026-02-04 11:49:27] [INFO] PikSendAPI: Image uploaded: img_1770202167_5578
[2026-02-04 11:49:27] [INFO] PikSendAPI: Image uploaded: img_1770202167_3716
[2026-02-04 11:49:27] [INFO] PikSendAPI: Image uploaded: img_1770202167_3165
[2026-02-04 11:49:27] [INFO] PikSendAPI: Image uploaded: img_1770202167_4867
[2026-02-04 11:49:27] [INFO] PikSendAPI: Image uploaded: img_1770202167_6712
[2026-02-04 11:49:27] [INFO] PikSendAPI: Image uploaded: img_1770202167_4262
[2026-02-04 11:49:27] [INFO] PikSendAPI: Image uploaded: img_1770202167_2473
[2026-02-04 11:49:27] [INFO] PikSendAPI: Image uploaded: img_1770202167_5521
[2026-02-04 11:49:27] [INFO] PikSendAPI: Image uploaded: img_1770202167_7727
[2026-02-04 11:49:27] [INFO] PikSendAPI: Image uploaded: img_1770202167_4763
[2026-02-04 11:49:27] [INFO] PikSendAPI: Image uploaded: img_1770202167_6674
[2026-02-04 11:49:27] [INFO] PikSendAPI: Image uploaded: img_1770202167_1950
[2026-02-04 11:49:27] [INFO] PikSendAPI: Image uploaded: img_1770202167_1248
[2026-02-04 11:49:27] [INFO] PikSendAPI: Image uploaded: img_1770202167_1887
[2026-02-04 11:49:27] [INFO] PikSendAPI: Image uploaded: img_1770202167_8230
[2026-02-04 11:49:27] [INFO] PikSendAPI: Image uploaded: img_1770202167_4369
[2026-02-04 11:49:27] [INFO] PikSendAPI: Image uploaded: img_1770202167_3948
[2026-02-04 11:49:27] [INFO] PikSendAPI: Image uploaded: img_1770202167_4382
[2026-02-04 11:49:27] [INFO] PikSendAPI: Image uploaded: img_1770202167_1401
[2026-02-04 11:49:27] [INFO] PikSendAPI: Image uploaded: img_1770202167_3772
[2026-02-04 11:49:27] [INFO] PikSendAPI: Image uploaded: img_1770202167_4446
[2026-02-04 11:49:27] [INFO] PikSendAPI: Image uploaded: img_1770202167_5976
[2026-02-04 11:49:27] [INFO] PikSendAPI: Image uploaded: img_1770202167_5438
[2026-02-04 11:49:27] [INFO] PikSendAPI: Image uploaded: img_1770202167_5067
[2026-02-04 11:49:27] [INFO] PikSendAPI: Image uploaded: img_1770202167_1900
[2026-02-04 11:49:27] [INFO] PikSendAPI: Image uploaded: img_1770202167_6011
[2026-02-04 11:49:27] [INFO] PikSendAPI: Image uploaded: img_1770202167_4984
[2026-02-04 11:49:27] [INFO] PikSendAPI: Image uploaded: img_1770202167_9640
[2026-02-04 11:49:27] [INFO] PikSendAPI: Image uploaded: img_1770202167_4475
[2026-02-04 11:49:27] [INFO] PikSendAPI: Image uploaded: img_1770202167_3002
[2026-02-04 11:49:27] [INFO] PikSendAPI: Image uploaded: img_1770202167_7025
[2026-02-04 11:49:27] [INFO] PikSendAPI: Image uploaded: img_1770202167_5228
[2026-02-04 11:49:27] [INFO] PikSendAPI: Image uploaded: img_1770202167_5883
[2026-02-04 11:49:27] [INFO] PikSendAPI: Image uploaded: img_1770202167_4000
[2026-02-04 11:49:27] [INFO] PikSendAPI: Image uploaded: img_1770202167_7257
[2026-02-04 11:49:27] [INFO] PikSendAPI: Image uploaded: img_1770202167_8237
[2026-02-04 11:49:27] [INFO] PikSendAPI: Image uploaded: img_1770202167_3381
[2026-02-04 11:49:27] [INFO] PikSendAPI: Image uploaded: img_1770202167_8422
[2026-02-04 11:49:27] [INFO] PikSendAPI: Image uploaded: img_1770202167_3173
[2026-02-04 11:49:27] [INFO] PikSendAPI: Image uploaded: img_1770202167_1982
[2026-02-04 11:49:27] [INFO] PikSendAPI: Image uploaded: img_1770202167_3568
[2026-02-04 11:49:27] [INFO] PikSendAPI: Image uploaded: img_1770202167_6550
[2026-02-04 11:49:27] [INFO] PikSendAPI: Image uploaded: img_1770202167_9333
[2026-02-04 11:49:27] [INFO] PikSendAPI: Image uploaded: img_1770202167_2459
[2026-02-04 11:49:27] [INFO] PikSendAPI: Image uploaded: img_1770202167_5706
[2026-02-04 11:49:27] [INFO] PikSendAPI: Image uploaded: img_1770202167_7833
[2026-02-04 11:49:27] [INFO] PikSendAPI: Image uploaded: img_1770202167_9572
[2026-02-04 11:49:27] [INFO] PikSendAPI: Image uploaded: img_1770202167_9527
[2026-02-04 11:49:27] [INFO] PikSendAPI: Image uploaded: img_1770202167_7097
[2026-02-04 11:49:27] [INFO] PikSendAPI: Image uploaded: img_1770202167_6401
[2026-02-04 11:49:27] [INFO] PikSendAPI: Image uploaded: img_1770202167_7076
[2026-02-04 11:49:27] [INFO] PikSendAPI: Image uploaded: img_1770202167_1483
[2026-02-04 11:49:27] [INFO] PikSendAPI: Image uploaded: img_1770202167_7974
[2026-02-04 11:49:27] [INFO] PikSendAPI: Image uploaded: img_1770202167_1531
[2026-02-04 11:49:27] [INFO] PikSendAPI: Image uploaded: img_1770202167_6311
[2026-02-04 11:49:27] [INFO] PikSendAPI: Image uploaded: img_1770202167_5326
[2026-02-04 11:49:27] [INFO] PikSendAPI: Image uploaded: img_1770202167_1941
[2026-02-04 11:49:27] [INFO] PikSendAPI: Image uploaded: img_1770202167_8966
[2026-02-04 11:49:27] [INFO] PikSendAPI: Image uploaded: img_1770202167_8137
[2026-02-04 11:49:27] [INFO] PikSendAPI: Image uploaded: img_1770202167_7710
[2026-02-04 11:49:27] [INFO] PikSendAPI: Image uploaded: img_1770202167_8443
[2026-02-04 11:49:27] [INFO] PikSendAPI: Image uploaded: img_1770202167_9005
[2026-02-04 11:49:27] [INFO] PikSendAPI: Image uploaded: img_1770202167_1096
[2026-02-04 11:49:27] [INFO] PikSendAPI: Image uploaded: img_1770202167_3745
[2026-02-04 11:49:27] [INFO] PikSendAPI: Image uploaded: img_1770202167_1638
[2026-02-04 11:49:27] [INFO] PikSendAPI: Image uploaded: img_1770202167_2667
[2026-02-04 11:49:27] [INFO] PikSendAPI: Image uploaded: img_1770202167_4554
[2026-02-04 11:49:27] [INFO] PikSendAPI: Image uploaded: img_1770202167_2929
[2026-02-04 11:49:27] [INFO] PikSendAPI: Image uploaded: img_1770202167_8795
[2026-02-04 11:49:27] [INFO] PikSendAPI: Image uploaded: img_1770202167_4560
[2026-02-04 11:49:27] [INFO] PikSendAPI: Image uploaded: img_1770202167_3785
[2026-02-04 11:49:27] [INFO] PikSendAPI: Image uploaded: img_1770202167_4134
[2026-02-04 11:49:27] [INFO] PikSendAPI: Fetched 1 galleries
[2026-02-04 11:49:27] [INFO] PikSendAPI: Image uploaded: img_1770202167_3423
[2026-02-04 11:50:28] [INFO] PikSend: PikSend plugin initialized
[2026-02-04 11:50:28] [INFO] PikSendAPI: Fetched 1 galleries
[2026-02-04 11:50:28] [INFO] PikSendAPI: Image uploaded: img_1770202228_9192
[2026-02-04 11:50:28] [INFO] PikSendAPI: Fetched 1 galleries
[2026-02-04 11:50:28] [INFO] PikSendAPI: Image uploaded: img_1770202228_1521
[2026-02-04 11:50:28] [INFO] PikSendAPI: Image uploaded: img_1770202228_2705
[2026-02-04 11:50:28] [INFO] PikSendAPI: Image uploaded: img_1770202228_9146
[2026-02-04 11:50:28] [INFO] PikSendAPI: Fetched 1 galleries
[2026-02-04 11:50:28] [INFO] PikSendAPI: Image uploaded: img_1770202228_8992
[2026-02-04 11:50:28] [INFO] PikSendAPI: Fetched 1 galleries
[2026-02-04 11:50:28] [INFO] PikSendAPI: Image uploaded: img_1770202228_7129
[2026-02-04 11:50:28] [INFO] PikSendAPI: Fetched 1 galleries
[2026-02-04 11:50:28] [INFO] PikSendAPI: Image uploaded: img_1770202228_7347
[2026-02-04 11:50:28] [INFO] PikSendAPI: Image uploaded: img_1770202228_2676
[2026-02-04 11:50:28] [INFO] PikSendAPI: Image uploaded: img_1770202228_8190
[2026-02-04 11:50:28] [INFO] PikSendAPI: Fetched 1 galleries
[2026-02-04 11:50:28] [INFO] PikSendAPI: Image uploaded: img_1770202228_8689
[2026-02-04 11:50:28] [INFO] PikSendAPI: Image uploaded: img_1770202228_6759
[2026-02-04 11:50:28] [INFO] PikSendAPI: Image deleted: img_1770202228_8689
[2026-02-04 11:50:28] [INFO] PikSendAPI: Fetched 1 galleries
[2026-02-04 11:50:28] [INFO] PikSendAPI: Image uploaded: img_1770202228_3960
[2026-02-04 11:50:28] [INFO] PikSendAPI: Image uploaded: img_1770202228_3335
[2026-02-04 11:50:28] [INFO] PikSendAPI: Image uploaded: img_1770202228_7621
[2026-02-04 11:50:28] [INFO] PikSendAPI: Image uploaded: img_1770202228_1471
[2026-02-04 11:50:28] [INFO] PikSendAPI: Image uploaded: img_1770202228_5325
[2026-02-04 11:50:28] [INFO] PikSendAPI: Image deleted: img_1770202228_3960
[2026-02-04 11:50:28] [INFO] PikSendAPI: Image deleted: img_1770202228_3335
[2026-02-04 11:50:28] [INFO] PikSendAPI: Image deleted: img_1770202228_7621
[2026-02-04 11:50:28] [INFO] PikSendAPI: Fetched 1 galleries
[2026-02-04 11:50:28] [INFO] PikSendAPI: Image uploaded: img_1770202228_7628
[2026-02-04 11:50:28] [INFO] PikSendAPI: Image uploaded: img_1770202228_5544
[2026-02-04 11:50:28] [INFO] PikSendAPI: Fetched 1 galleries
[2026-02-04 11:50:28] [INFO] PikSendAPI: Image uploaded: img_1770202228_2376
[2026-02-04 11:50:28] [INFO] PikSendAPI: Image uploaded: img_1770202228_3863
[2026-02-04 11:50:28] [INFO] PikSendAPI: Image uploaded: img_1770202228_6059
[2026-02-04 11:50:28] [INFO] PikSendAPI: Image uploaded: img_1770202228_6807
[2026-02-04 11:50:28] [INFO] PikSendAPI: Image uploaded: img_1770202228_6253
[2026-02-04 11:50:28] [INFO] PikSendAPI: Fetched 1 galleries
[2026-02-04 11:50:28] [INFO] PikSendAPI: Image uploaded: img_1770202228_4548
[2026-02-04 11:50:28] [INFO] PikSendAPI: Fetched 1 galleries
[2026-02-04 11:50:28] [INFO] PikSendAPI: Image uploaded: img_1770202228_9330
[2026-02-04 11:50:28] [INFO] PikSendAPI: Image uploaded: img_1770202228_3292
[2026-02-04 11:50:28] [INFO] PikSendAPI: Fetched 1 galleries
[2026-02-04 11:50:28] [INFO] PikSendAPI: Image uploaded: img_1770202228_8803
[2026-02-04 11:50:28] [INFO] PikSendAPI: Image deleted: img_1770202228_8803
[2026-02-04 11:50:28] [INFO] PikSendAPI: Fetched 1 galleries
[2026-02-04 11:50:28] [INFO] PikSendAPI: Fetched 1 galleries
[2026-02-04 11:50:28] [INFO] PikSendAPI: Image uploaded: img_1770202228_2354
[2026-02-04 11:50:28] [INFO] PikSendAPI: Fetched 1 galleries
[2026-02-04 11:50:28] [INFO] PikSendAPI: Fetched 1 galleries
[2026-02-04 11:50:28] [INFO] PikSendAPI: Image uploaded: img_1770202228_2560
[2026-02-04 11:50:28] [INFO] PikSendAPI: Image uploaded: img_1770202228_7015
[2026-02-04 11:50:28] [INFO] PikSendAPI: Image uploaded: img_1770202228_9044
[2026-02-04 11:50:28] [INFO] PikSendAPI: Image uploaded: img_1770202228_6423
[2026-02-04 11:50:28] [INFO] PikSendAPI: Image uploaded: img_1770202228_1587
[2026-02-04 11:50:28] [INFO] PikSendAPI: Fetched 1 galleries
[2026-02-04 11:50:28] [INFO] PikSendAPI: Image uploaded: img_1770202228_3894
[2026-02-04 11:50:28] [INFO] PikSendAPI: Image uploaded: img_1770202228_7029
[2026-02-04 11:50:28] [INFO] PikSendAPI: Image uploaded: img_1770202228_1355
[2026-02-04 11:50:28] [INFO] PikSendAPI: Image uploaded: img_1770202228_9715
[2026-02-04 11:50:28] [INFO] PikSendAPI: Image uploaded: img_1770202228_2916
[2026-02-04 11:50:28] [INFO] PikSendAPI: Image uploaded: img_1770202228_1578
[2026-02-04 11:50:28] [INFO] PikSendAPI: Fetched 1 galleries
[2026-02-04 11:50:28] [INFO] PikSendAPI: Image uploaded: img_1770202228_2967
[2026-02-04 11:50:28] [INFO] PikSendAPI: Fetched 1 galleries
[2026-02-04 11:50:28] [INFO] PikSendAPI: Image uploaded: img_1770202228_4061
[2026-02-04 11:50:28] [INFO] PikSendAPI: Image uploaded: img_1770202228_5914
[2026-02-04 11:50:28] [INFO] PikSendAPI: Image uploaded: img_1770202228_4729
[2026-02-04 11:50:28] [INFO] PikSendAPI: Image uploaded: img_1770202228_7462
[2026-02-04 11:50:28] [INFO] PikSendAPI: Image uploaded: img_1770202228_8625
[2026-02-04 11:50:28] [INFO] PikSendAPI: Image uploaded: img_1770202228_3130
[2026-02-04 11:50:28] [INFO] PikSendAPI: Image uploaded: img_1770202228_9677
[2026-02-04 11:50:28] [INFO] PikSendAPI: Image uploaded: img_1770202228_8980
[2026-02-04 11:50:28] [INFO] PikSendAPI: Image uploaded: img_1770202228_6410
[2026-02-04 11:50:28] [INFO] PikSendAPI: Image uploaded: img_1770202228_7753
[2026-02-04 11:50:28] [INFO] PikSendAPI: Image uploaded: img_1770202228_5555
[2026-02-04 11:50:28] [INFO] PikSendAPI: Image uploaded: img_1770202228_5971
[2026-02-04 11:50:28] [INFO] PikSendAPI: Image uploaded: img_1770202228_1871
[2026-02-04 11:50:28] [INFO] PikSendAPI: Image uploaded: img_1770202228_9894
[2026-02-04 11:50:28] [INFO] PikSendAPI: Image uploaded: img_1770202228_9864
[2026-02-04 11:50:28] [INFO] PikSendAPI: Image uploaded: img_1770202228_8110
[2026-02-04 11:50:28] [INFO] PikSendAPI: Image uploaded: img_1770202228_8288
[2026-02-04 11:50:28] [INFO] PikSendAPI: Image uploaded: img_1770202228_3162
[2026-02-04 11:50:28] [INFO] PikSendAPI: Image uploaded: img_1770202228_6098
[2026-02-04 11:50:28] [INFO] PikSendAPI: Image uploaded: img_1770202228_1665
[2026-02-04 11:50:28] [INFO] PikSendAPI: Image uploaded: img_1770202228_7620
[2026-02-04 11:50:28] [INFO] PikSendAPI: Image uploaded: img_1770202228_4837
[2026-02-04 11:50:28] [INFO] PikSendAPI: Image uploaded: img_1770202228_1635
[2026-02-04 11:50:28] [INFO] PikSendAPI: Image uploaded: img_1770202228_4182
[2026-02-04 11:50:28] [INFO] PikSendAPI: Image uploaded: img_1770202228_7886
[2026-02-04 11:50:28] [INFO] PikSendAPI: Image uploaded: img_1770202228_5915
[2026-02-04 11:50:28] [INFO] PikSendAPI: Image uploaded: img_1770202228_3821
[2026-02-04 11:50:28] [INFO] PikSendAPI: Image uploaded: img_1770202228_4956
[2026-02-04 11:50:28] [INFO] PikSendAPI: Image uploaded: img_1770202228_3019
[2026-02-04 11:50:28] [INFO] PikSendAPI: Image uploaded: img_1770202228_3591
[2026-02-04 11:50:28] [INFO] PikSendAPI: Image uploaded: img_1770202228_4068
[2026-02-04 11:50:28] [INFO] PikSendAPI: Image uploaded: img_1770202228_8586
[2026-02-04 11:50:28] [INFO] PikSendAPI: Image uploaded: img_1770202228_6371
[2026-02-04 11:50:28] [INFO] PikSendAPI: Image uploaded: img_1770202228_3781
[2026-02-04 11:50:28] [INFO] PikSendAPI: Image uploaded: img_1770202228_9514
[2026-02-04 11:50:28] [INFO] PikSendAPI: Image uploaded: img_1770202228_1003
[2026-02-04 11:50:28] [INFO] PikSendAPI: Image uploaded: img_1770202228_4612
[2026-02-04 11:50:28] [INFO] PikSendAPI: Image uploaded: img_1770202228_9925
[2026-02-04 11:50:28] [INFO] PikSendAPI: Image uploaded: img_1770202228_4295
[2026-02-04 11:50:28] [INFO] PikSendAPI: Image uploaded: img_1770202228_6864
[2026-02-04 11:50:28] [INFO] PikSendAPI: Image uploaded: img_1770202228_7694
[2026-02-04 11:50:28] [INFO] PikSendAPI: Image uploaded: img_1770202228_8667
[2026-02-04 11:50:28] [INFO] PikSendAPI: Image uploaded: img_1770202228_3464
[2026-02-04 11:50:28] [INFO] PikSendAPI: Image uploaded: img_1770202228_7124
[2026-02-04 11:50:28] [INFO] PikSendAPI: Image uploaded: img_1770202228_6948
[2026-02-04 11:50:28] [INFO] PikSendAPI: Image uploaded: img_1770202228_2849
[2026-02-04 11:50:28] [INFO] PikSendAPI: Image uploaded: img_1770202228_9055
[2026-02-04 11:50:28] [INFO] PikSendAPI: Image uploaded: img_1770202228_1260
[2026-02-04 11:50:28] [INFO] PikSendAPI: Image uploaded: img_1770202228_7561
[2026-02-04 11:50:28] [INFO] PikSendAPI: Image uploaded: img_1770202228_7694
[2026-02-04 11:50:28] [INFO] PikSendAPI: Image uploaded: img_1770202228_6504
[2026-02-04 11:50:28] [INFO] PikSendAPI: Image uploaded: img_1770202228_8353
[2026-02-04 11:50:28] [INFO] PikSendAPI: Image uploaded: img_1770202228_2087
[2026-02-04 11:50:28] [INFO] PikSendAPI: Image uploaded: img_1770202228_6832
[2026-02-04 11:50:28] [INFO] PikSendAPI: Image uploaded: img_1770202228_1560
[2026-02-04 11:50:28] [INFO] PikSendAPI: Image uploaded: img_1770202228_2800
[2026-02-04 11:50:28] [INFO] PikSendAPI: Image uploaded: img_1770202228_1654
[2026-02-04 11:50:28] [INFO] PikSendAPI: Image uploaded: img_1770202228_3710
[2026-02-04 11:50:28] [INFO] PikSendAPI: Image uploaded: img_1770202228_9941
[2026-02-04 11:50:28] [INFO] PikSendAPI: Image uploaded: img_1770202228_3654
[2026-02-04 11:50:28] [INFO] PikSendAPI: Image uploaded: img_1770202228_2511
[2026-02-04 11:50:28] [INFO] PikSendAPI: Image uploaded: img_1770202228_8114
[2026-02-04 11:50:28] [INFO] PikSendAPI: Image uploaded: img_1770202228_1859
[2026-02-04 11:50:28] [INFO] PikSendAPI: Image uploaded: img_1770202228_6388
[2026-02-04 11:50:28] [INFO] PikSendAPI: Image uploaded: img_1770202228_3321
[2026-02-04 11:50:28] [INFO] PikSendAPI: Image uploaded: img_1770202228_3557
[2026-02-04 11:50:28] [INFO] PikSendAPI: Image uploaded: img_1770202228_5947
[2026-02-04 11:50:28] [INFO] PikSendAPI: Image uploaded: img_1770202228_5384
[2026-02-04 11:50:28] [INFO] PikSendAPI: Image uploaded: img_1770202228_1132
[2026-02-04 11:50:28] [INFO] PikSendAPI: Image uploaded: img_1770202228_8813
[2026-02-04 11:50:28] [INFO] PikSendAPI: Image uploaded: img_1770202228_7548
[2026-02-04 11:50:28] [INFO] PikSendAPI: Image uploaded: img_1770202228_1613
[2026-02-04 11:50:28] [INFO] PikSendAPI: Image uploaded: img_1770202228_6330
[2026-02-04 11:50:28] [INFO] PikSendAPI: Image uploaded: img_1770202228_2324
[2026-02-04 11:50:28] [INFO] PikSendAPI: Image uploaded: img_1770202228_6892
[2026-02-04 11:50:28] [INFO] PikSendAPI: Image uploaded: img_1770202228_7117
[2026-02-04 11:50:28] [INFO] PikSendAPI: Image uploaded: img_1770202228_9369
[2026-02-04 11:50:28] [INFO] PikSendAPI: Image uploaded: img_1770202228_3620
[2026-02-04 11:50:28] [INFO] PikSendAPI: Image uploaded: img_1770202228_7597
[2026-02-04 11:50:28] [INFO] PikSendAPI: Image uploaded: img_1770202228_3387
[2026-02-04 11:50:28] [INFO] PikSendAPI: Image uploaded: img_1770202228_3406
[2026-02-04 11:50:28] [INFO] PikSendAPI: Image uploaded: img_1770202228_2342
[2026-02-04 11:50:28] [INFO] PikSendAPI: Image uploaded: img_1770202228_3420
[2026-02-04 11:50:28] [INFO] PikSendAPI: Image uploaded: img_1770202228_2175
[2026-02-04 11:50:28] [INFO] PikSendAPI: Image uploaded: img_1770202228_5078
[2026-02-04 11:50:28] [INFO] PikSendAPI: Image uploaded: img_1770202228_8475
[2026-02-04 11:50:28] [INFO] PikSendAPI: Image uploaded: img_1770202228_9561
[2026-02-04 11:50:28] [INFO] PikSendAPI: Image uploaded: img_1770202228_8167
[2026-02-04 11:50:28] [INFO] PikSendAPI: Image uploaded: img_1770202228_2483
[2026-02-04 11:50:28] [INFO] PikSendAPI: Image uploaded: img_1770202228_9997
[2026-02-04 11:50:28] [INFO] PikSendAPI: Image uploaded: img_1770202228_2009
[2026-02-04 11:50:28] [INFO] PikSendAPI: Image uploaded: img_1770202228_2870
[2026-02-04 11:50:28] [INFO] PikSendAPI: Image uploaded: img_1770202228_1772
[2026-02-04 11:50:28] [INFO] PikSendAPI: Image uploaded: img_1770202228_8912
[2026-02-04 11:50:28] [INFO] PikSendAPI: Image uploaded: img_1770202228_9385
[2026-02-04 11:50:28] [INFO] PikSendAPI: Image uploaded: img_1770202228_2681
[2026-02-04 11:50:28] [INFO] PikSendAPI: Image uploaded: img_1770202228_8745
[2026-02-04 11:50:28] [INFO] PikSendAPI: Image uploaded: img_1770202228_8379
[2026-02-04 11:50:28] [INFO] PikSendAPI: Image uploaded: img_1770202228_3496
[2026-02-04 11:50:28] [INFO] PikSendAPI: Image uploaded: img_1770202228_2723
[2026-02-04 11:50:28] [INFO] PikSendAPI: Fetched 1 galleries
[2026-02-04 11:50:28] [INFO] PikSendAPI: Image uploaded: img_1770202228_3559
[2026-02-04 11:51:04] [INFO] PikSend: PikSend plugin initialized
[2026-02-04 11:51:04] [INFO] PikSendAPI: Fetched 1 galleries
[2026-02-04 11:51:04] [INFO] PikSendAPI: Image uploaded: img_1770202264_4914
[2026-02-04 11:51:04] [INFO] PikSendAPI: Fetched 1 galleries
[2026-02-04 11:51:04] [INFO] PikSendAPI: Image uploaded: img_1770202264_3251
[2026-02-04 11:51:04] [INFO] PikSendAPI: Image uploaded: img_1770202264_4596
[2026-02-04 11:51:04] [INFO] PikSendAPI: Image uploaded: img_1770202264_8517
[2026-02-04 11:51:04] [INFO] PikSendAPI: Fetched 1 galleries
[2026-02-04 11:51:04] [INFO] PikSendAPI: Image uploaded: img_1770202264_3716
[2026-02-04 11:51:04] [INFO] PikSendAPI: Fetched 1 galleries
[2026-02-04 11:51:04] [INFO] PikSendAPI: Image uploaded: img_1770202264_5378
[2026-02-04 11:51:04] [INFO] PikSendAPI: Fetched 1 galleries
[2026-02-04 11:51:04] [INFO] PikSendAPI: Image uploaded: img_1770202264_1901
[2026-02-04 11:51:04] [INFO] PikSendAPI: Image uploaded: img_1770202264_4477
[2026-02-04 11:51:04] [INFO] PikSendAPI: Image uploaded: img_1770202264_7244
[2026-02-04 11:51:04] [INFO] PikSendAPI: Fetched 1 galleries
[2026-02-04 11:51:04] [INFO] PikSendAPI: Image uploaded: img_1770202264_6394
[2026-02-04 11:51:04] [INFO] PikSendAPI: Image uploaded: img_1770202264_1332
[2026-02-04 11:51:04] [INFO] PikSendAPI: Image deleted: img_1770202264_6394
[2026-02-04 11:51:04] [INFO] PikSendAPI: Fetched 1 galleries
[2026-02-04 11:51:04] [INFO] PikSendAPI: Image uploaded: img_1770202264_9659
[2026-02-04 11:51:04] [INFO] PikSendAPI: Image uploaded: img_1770202264_4493
[2026-02-04 11:51:04] [INFO] PikSendAPI: Image uploaded: img_1770202264_8399
[2026-02-04 11:51:04] [INFO] PikSendAPI: Image uploaded: img_1770202264_6803
[2026-02-04 11:51:04] [INFO] PikSendAPI: Image uploaded: img_1770202264_6553
[2026-02-04 11:51:04] [INFO] PikSendAPI: Image deleted: img_1770202264_9659
[2026-02-04 11:51:04] [INFO] PikSendAPI: Image deleted: img_1770202264_4493
[2026-02-04 11:51:04] [INFO] PikSendAPI: Image deleted: img_1770202264_8399
[2026-02-04 11:51:04] [INFO] PikSendAPI: Fetched 1 galleries
[2026-02-04 11:51:04] [INFO] PikSendAPI: Image uploaded: img_1770202264_1896
[2026-02-04 11:51:04] [INFO] PikSendAPI: Image uploaded: img_1770202264_1816
[2026-02-04 11:51:04] [INFO] PikSendAPI: Fetched 1 galleries
[2026-02-04 11:51:04] [INFO] PikSendAPI: Image uploaded: img_1770202264_6604
[2026-02-04 11:51:04] [INFO] PikSendAPI: Image uploaded: img_1770202264_4654
[2026-02-04 11:51:04] [INFO] PikSendAPI: Image uploaded: img_1770202264_2151
[2026-02-04 11:51:04] [INFO] PikSendAPI: Image uploaded: img_1770202264_4661
[2026-02-04 11:51:04] [INFO] PikSendAPI: Image uploaded: img_1770202264_2358
[2026-02-04 11:51:04] [INFO] PikSendAPI: Fetched 1 galleries
[2026-02-04 11:51:04] [INFO] PikSendAPI: Image uploaded: img_1770202264_2933
[2026-02-04 11:51:04] [INFO] PikSendAPI: Fetched 1 galleries
[2026-02-04 11:51:04] [INFO] PikSendAPI: Image uploaded: img_1770202264_4700
[2026-02-04 11:51:04] [INFO] PikSendAPI: Image uploaded: img_1770202264_9529
[2026-02-04 11:51:04] [INFO] PikSendAPI: Fetched 1 galleries
[2026-02-04 11:51:04] [INFO] PikSendAPI: Image uploaded: img_1770202264_4240
[2026-02-04 11:51:04] [INFO] PikSendAPI: Image deleted: img_1770202264_4240
[2026-02-04 11:51:04] [INFO] PikSendAPI: Fetched 1 galleries
[2026-02-04 11:51:04] [INFO] PikSendAPI: Fetched 1 galleries
[2026-02-04 11:51:04] [INFO] PikSendAPI: Image uploaded: img_1770202264_1457
[2026-02-04 11:51:04] [INFO] PikSendAPI: Fetched 1 galleries
[2026-02-04 11:51:04] [INFO] PikSendAPI: Fetched 1 galleries
[2026-02-04 11:51:04] [INFO] PikSendAPI: Image uploaded: img_1770202264_6739
[2026-02-04 11:51:04] [INFO] PikSendAPI: Image uploaded: img_1770202264_7116
[2026-02-04 11:51:04] [INFO] PikSendAPI: Image uploaded: img_1770202264_3466
[2026-02-04 11:51:04] [INFO] PikSendAPI: Image uploaded: img_1770202264_7004
[2026-02-04 11:51:04] [INFO] PikSendAPI: Image uploaded: img_1770202264_7021
[2026-02-04 11:51:04] [INFO] PikSendAPI: Fetched 1 galleries
[2026-02-04 11:51:04] [INFO] PikSendAPI: Image uploaded: img_1770202264_1400
[2026-02-04 11:51:04] [INFO] PikSendAPI: Image uploaded: img_1770202264_4038
[2026-02-04 11:51:04] [INFO] PikSendAPI: Image uploaded: img_1770202264_1266
[2026-02-04 11:51:04] [INFO] PikSendAPI: Image uploaded: img_1770202264_9754
[2026-02-04 11:51:04] [INFO] PikSendAPI: Image uploaded: img_1770202264_9589
[2026-02-04 11:51:04] [INFO] PikSendAPI: Image uploaded: img_1770202264_3662
[2026-02-04 11:51:04] [INFO] PikSendAPI: Fetched 1 galleries
[2026-02-04 11:51:04] [INFO] PikSendAPI: Image uploaded: img_1770202264_2368
[2026-02-04 11:51:04] [INFO] PikSendAPI: Fetched 1 galleries
[2026-02-04 11:51:04] [INFO] PikSendAPI: Image uploaded: img_1770202264_5626
[2026-02-04 11:51:04] [INFO] PikSendAPI: Image uploaded: img_1770202264_2334
[2026-02-04 11:51:04] [INFO] PikSendAPI: Image uploaded: img_1770202264_4556
[2026-02-04 11:51:04] [INFO] PikSendAPI: Image uploaded: img_1770202264_3088
[2026-02-04 11:51:04] [INFO] PikSendAPI: Image uploaded: img_1770202264_3089
[2026-02-04 11:51:04] [INFO] PikSendAPI: Image uploaded: img_1770202264_5048
[2026-02-04 11:51:04] [INFO] PikSendAPI: Image uploaded: img_1770202264_1318
[2026-02-04 11:51:04] [INFO] PikSendAPI: Image uploaded: img_1770202264_9934
[2026-02-04 11:51:04] [INFO] PikSendAPI: Image uploaded: img_1770202264_7662
[2026-02-04 11:51:04] [INFO] PikSendAPI: Image uploaded: img_1770202264_6101
[2026-02-04 11:51:04] [INFO] PikSendAPI: Image uploaded: img_1770202264_4481
[2026-02-04 11:51:04] [INFO] PikSendAPI: Image uploaded: img_1770202264_5459
[2026-02-04 11:51:04] [INFO] PikSendAPI: Image uploaded: img_1770202264_9590
[2026-02-04 11:51:04] [INFO] PikSendAPI: Image uploaded: img_1770202264_6880
[2026-02-04 11:51:04] [INFO] PikSendAPI: Image uploaded: img_1770202264_7335
[2026-02-04 11:51:04] [INFO] PikSendAPI: Image uploaded: img_1770202264_9453
[2026-02-04 11:51:04] [INFO] PikSendAPI: Image uploaded: img_1770202264_5828
[2026-02-04 11:51:04] [INFO] PikSendAPI: Image uploaded: img_1770202264_8640
[2026-02-04 11:51:04] [INFO] PikSendAPI: Image uploaded: img_1770202264_9164
[2026-02-04 11:51:04] [INFO] PikSendAPI: Image uploaded: img_1770202264_5135
[2026-02-04 11:51:04] [INFO] PikSendAPI: Image uploaded: img_1770202264_7456
[2026-02-04 11:51:04] [INFO] PikSendAPI: Image uploaded: img_1770202264_4826
[2026-02-04 11:51:04] [INFO] PikSendAPI: Image uploaded: img_1770202264_3253
[2026-02-04 11:51:04] [INFO] PikSendAPI: Image uploaded: img_1770202264_5320
[2026-02-04 11:51:04] [INFO] PikSendAPI: Image uploaded: img_1770202264_8475
[2026-02-04 11:51:04] [INFO] PikSendAPI: Image uploaded: img_1770202264_9571
[2026-02-04 11:51:04] [INFO] PikSendAPI: Image uploaded: img_1770202264_3824
[2026-02-04 11:51:04] [INFO] PikSendAPI: Image uploaded: img_1770202264_2102
[2026-02-04 11:51:04] [INFO] PikSendAPI: Image uploaded: img_1770202264_6128
[2026-02-04 11:51:04] [INFO] PikSendAPI: Image uploaded: img_1770202264_5281
[2026-02-04 11:51:04] [INFO] PikSendAPI: Image uploaded: img_1770202264_6370
[2026-02-04 11:51:04] [INFO] PikSendAPI: Image uploaded: img_1770202264_3152
[2026-02-04 11:51:04] [INFO] PikSendAPI: Image uploaded: img_1770202264_8737
[2026-02-04 11:51:04] [INFO] PikSendAPI: Image uploaded: img_1770202264_5952
[2026-02-04 11:51:04] [INFO] PikSendAPI: Image uploaded: img_1770202264_7389
[2026-02-04 11:51:04] [INFO] PikSendAPI: Image uploaded: img_1770202264_2901
[2026-02-04 11:51:04] [INFO] PikSendAPI: Image uploaded: img_1770202264_3856
[2026-02-04 11:51:04] [INFO] PikSendAPI: Image uploaded: img_1770202264_7533
[2026-02-04 11:51:04] [INFO] PikSendAPI: Image uploaded: img_1770202264_8601
[2026-02-04 11:51:04] [INFO] PikSendAPI: Image uploaded: img_1770202264_7075
[2026-02-04 11:51:04] [INFO] PikSendAPI: Image uploaded: img_1770202264_3827
[2026-02-04 11:51:04] [INFO] PikSendAPI: Image uploaded: img_1770202264_9330
[2026-02-04 11:51:04] [INFO] PikSendAPI: Image uploaded: img_1770202264_6310
[2026-02-04 11:51:04] [INFO] PikSendAPI: Image uploaded: img_1770202264_9835
[2026-02-04 11:51:04] [INFO] PikSendAPI: Image uploaded: img_1770202264_2114
[2026-02-04 11:51:04] [INFO] PikSendAPI: Image uploaded: img_1770202264_3368
[2026-02-04 11:51:04] [INFO] PikSendAPI: Image uploaded: img_1770202264_1416
[2026-02-04 11:51:04] [INFO] PikSendAPI: Image uploaded: img_1770202264_8782
[2026-02-04 11:51:04] [INFO] PikSendAPI: Image uploaded: img_1770202264_1259
[2026-02-04 11:51:04] [INFO] PikSendAPI: Image uploaded: img_1770202264_6098
[2026-02-04 11:51:04] [INFO] PikSendAPI: Image uploaded: img_1770202264_6801
[2026-02-04 11:51:04] [INFO] PikSendAPI: Image uploaded: img_1770202264_5786
[2026-02-04 11:51:04] [INFO] PikSendAPI: Image uploaded: img_1770202264_9526
[2026-02-04 11:51:04] [INFO] PikSendAPI: Image uploaded: img_1770202264_3248
[2026-02-04 11:51:04] [INFO] PikSendAPI: Image uploaded: img_1770202264_3801
[2026-02-04 11:51:04] [INFO] PikSendAPI: Image uploaded: img_1770202264_9651
[2026-02-04 11:51:04] [INFO] PikSendAPI: Image uploaded: img_1770202264_7893
[2026-02-04 11:51:04] [INFO] PikSendAPI: Image uploaded: img_1770202264_2089
[2026-02-04 11:51:04] [INFO] PikSendAPI: Image uploaded: img_1770202264_8926
[2026-02-04 11:51:04] [INFO] PikSendAPI: Image uploaded: img_1770202264_4447
[2026-02-04 11:51:04] [INFO] PikSendAPI: Image uploaded: img_1770202264_5821
[2026-02-04 11:51:04] [INFO] PikSendAPI: Image uploaded: img_1770202264_9833
[2026-02-04 11:51:04] [INFO] PikSendAPI: Image uploaded: img_1770202264_6015
[2026-02-04 11:51:04] [INFO] PikSendAPI: Image uploaded: img_1770202264_9613
[2026-02-04 11:51:04] [INFO] PikSendAPI: Image uploaded: img_1770202264_6104
[2026-02-04 11:51:04] [INFO] PikSendAPI: Image uploaded: img_1770202264_7389
[2026-02-04 11:51:04] [INFO] PikSendAPI: Image uploaded: img_1770202264_8634
[2026-02-04 11:51:04] [INFO] PikSendAPI: Image uploaded: img_1770202264_4541
[2026-02-04 11:51:04] [INFO] PikSendAPI: Image uploaded: img_1770202264_7714
[2026-02-04 11:51:04] [INFO] PikSendAPI: Image uploaded: img_1770202264_2685
[2026-02-04 11:51:04] [INFO] PikSendAPI: Image uploaded: img_1770202264_5666
[2026-02-04 11:51:04] [INFO] PikSendAPI: Image uploaded: img_1770202264_6103
[2026-02-04 11:51:04] [INFO] PikSendAPI: Image uploaded: img_1770202264_3611
[2026-02-04 11:51:04] [INFO] PikSendAPI: Image uploaded: img_1770202264_2836
[2026-02-04 11:51:04] [INFO] PikSendAPI: Image uploaded: img_1770202264_4242
[2026-02-04 11:51:04] [INFO] PikSendAPI: Image uploaded: img_1770202264_6157
[2026-02-04 11:51:04] [INFO] PikSendAPI: Image uploaded: img_1770202264_3671
[2026-02-04 11:51:04] [INFO] PikSendAPI: Image uploaded: img_1770202264_1360
[2026-02-04 11:51:04] [INFO] PikSendAPI: Image uploaded: img_1770202264_9963
[2026-02-04 11:51:04] [INFO] PikSendAPI: Image uploaded: img_1770202264_5997
[2026-02-04 11:51:04] [INFO] PikSendAPI: Image uploaded: img_1770202264_6841
[2026-02-04 11:51:04] [INFO] PikSendAPI: Image uploaded: img_1770202264_6785
[2026-02-04 11:51:04] [INFO] PikSendAPI: Image uploaded: img_1770202264_8033
[2026-02-04 11:51:04] [INFO] PikSendAPI: Image uploaded: img_1770202264_1875
[2026-02-04 11:51:04] [INFO] PikSendAPI: Image uploaded: img_1770202264_9061
[2026-02-04 11:51:04] [INFO] PikSendAPI: Image uploaded: img_1770202264_8055
[2026-02-04 11:51:04] [INFO] PikSendAPI: Image uploaded: img_1770202264_1634
[2026-02-04 11:51:04] [INFO] PikSendAPI: Image uploaded: img_1770202264_6319
[2026-02-04 11:51:04] [INFO] PikSendAPI: Image uploaded: img_1770202264_6319
[2026-02-04 11:51:04] [INFO] PikSendAPI: Image uploaded: img_1770202264_6796
[2026-02-04 11:51:04] [INFO] PikSendAPI: Image uploaded: img_1770202264_6101
[2026-02-04 11:51:04] [INFO] PikSendAPI: Image uploaded: img_1770202264_4775
[2026-02-04 11:51:05] [INFO] PikSendAPI: Image uploaded: img_1770202265_4174
[2026-02-04 11:51:05] [INFO] PikSendAPI: Image uploaded: img_1770202265_1870
[2026-02-04 11:51:05] [INFO] PikSendAPI: Image uploaded: img_1770202265_8037
[2026-02-04 11:51:05] [INFO] PikSendAPI: Image uploaded: img_1770202265_7539
[2026-02-04 11:51:05] [INFO] PikSendAPI: Image uploaded: img_1770202265_1809
[2026-02-04 11:51:05] [INFO] PikSendAPI: Image uploaded: img_1770202265_3250
[2026-02-04 11:51:05] [INFO] PikSendAPI: Image uploaded: img_1770202265_3191
[2026-02-04 11:51:05] [INFO] PikSendAPI: Image uploaded: img_1770202265_8759
[2026-02-04 11:51:05] [INFO] PikSendAPI: Fetched 1 galleries
[2026-02-04 11:51:05] [INFO] PikSendAPI: Image uploaded: img_1770202265_4135
[2026-02-04 11:51:40] [INFO] PikSend: PikSend plugin initialized
[2026-02-04 11:51:40] [INFO] PikSendAPI: Fetched 1 galleries
[2026-02-04 11:51:40] [INFO] PikSendAPI: Image uploaded: img_1770202300_5958
[2026-02-04 11:51:40] [INFO] PikSendAPI: Fetched 1 galleries
[2026-02-04 11:51:40] [INFO] PikSendAPI: Image uploaded: img_1770202300_1246
[2026-02-04 11:51:40] [INFO] PikSendAPI: Image uploaded: img_1770202300_6829
[2026-02-04 11:51:40] [INFO] PikSendAPI: Image uploaded: img_1770202300_1561
[2026-02-04 11:51:40] [INFO] PikSendAPI: Fetched 1 galleries
[2026-02-04 11:51:40] [INFO] PikSendAPI: Image uploaded: img_1770202300_7103
[2026-02-04 11:51:40] [INFO] PikSendAPI: Fetched 1 galleries
[2026-02-04 11:51:40] [INFO] PikSendAPI: Image uploaded: img_1770202300_4967
[2026-02-04 11:51:40] [INFO] PikSendAPI: Fetched 1 galleries
[2026-02-04 11:51:40] [INFO] PikSendAPI: Image uploaded: img_1770202300_1926
[2026-02-04 11:51:40] [INFO] PikSendAPI: Image uploaded: img_1770202300_1039
[2026-02-04 11:51:40] [INFO] PikSendAPI: Image uploaded: img_1770202300_5131
[2026-02-04 11:51:40] [INFO] PikSendAPI: Fetched 1 galleries
[2026-02-04 11:51:40] [INFO] PikSendAPI: Image uploaded: img_1770202300_1911
[2026-02-04 11:51:40] [INFO] PikSendAPI: Image uploaded: img_1770202300_9727
[2026-02-04 11:51:40] [INFO] PikSendAPI: Image deleted: img_1770202300_1911
[2026-02-04 11:51:40] [INFO] PikSendAPI: Fetched 1 galleries
[2026-02-04 11:51:40] [INFO] PikSendAPI: Image uploaded: img_1770202300_7826
[2026-02-04 11:51:40] [INFO] PikSendAPI: Image uploaded: img_1770202300_4782
[2026-02-04 11:51:40] [INFO] PikSendAPI: Image uploaded: img_1770202300_2875
[2026-02-04 11:51:40] [INFO] PikSendAPI: Image uploaded: img_1770202300_5891
[2026-02-04 11:51:40] [INFO] PikSendAPI: Image uploaded: img_1770202300_2271
[2026-02-04 11:51:40] [INFO] PikSendAPI: Image deleted: img_1770202300_7826
[2026-02-04 11:51:40] [INFO] PikSendAPI: Image deleted: img_1770202300_4782
[2026-02-04 11:51:40] [INFO] PikSendAPI: Image deleted: img_1770202300_2875
[2026-02-04 11:51:40] [INFO] PikSendAPI: Fetched 1 galleries
[2026-02-04 11:51:40] [INFO] PikSendAPI: Image uploaded: img_1770202300_5386
[2026-02-04 11:51:40] [INFO] PikSendAPI: Image uploaded: img_1770202300_6107
[2026-02-04 11:51:40] [INFO] PikSendAPI: Fetched 1 galleries
[2026-02-04 11:51:40] [INFO] PikSendAPI: Image uploaded: img_1770202300_7030
[2026-02-04 11:51:40] [INFO] PikSendAPI: Image uploaded: img_1770202300_7104
[2026-02-04 11:51:40] [INFO] PikSendAPI: Image uploaded: img_1770202300_3532
[2026-02-04 11:51:40] [INFO] PikSendAPI: Image uploaded: img_1770202300_7542
[2026-02-04 11:51:40] [INFO] PikSendAPI: Image uploaded: img_1770202300_7305
[2026-02-04 11:51:40] [INFO] PikSendAPI: Fetched 1 galleries
[2026-02-04 11:51:40] [INFO] PikSendAPI: Image uploaded: img_1770202300_9125
[2026-02-04 11:51:40] [INFO] PikSendAPI: Fetched 1 galleries
[2026-02-04 11:51:40] [INFO] PikSendAPI: Image uploaded: img_1770202300_3394
[2026-02-04 11:51:40] [INFO] PikSendAPI: Image uploaded: img_1770202300_1436
[2026-02-04 11:51:40] [INFO] PikSendAPI: Fetched 1 galleries
[2026-02-04 11:51:40] [INFO] PikSendAPI: Image uploaded: img_1770202300_3993
[2026-02-04 11:51:40] [INFO] PikSendAPI: Image deleted: img_1770202300_3993
[2026-02-04 11:51:40] [INFO] PikSendAPI: Fetched 1 galleries
[2026-02-04 11:51:40] [INFO] PikSendAPI: Fetched 1 galleries
[2026-02-04 11:51:40] [INFO] PikSendAPI: Image uploaded: img_1770202300_9850
[2026-02-04 11:51:40] [INFO] PikSendAPI: Fetched 1 galleries
[2026-02-04 11:51:40] [INFO] PikSendAPI: Fetched 1 galleries
[2026-02-04 11:51:40] [INFO] PikSendAPI: Image uploaded: img_1770202300_4567
[2026-02-04 11:51:40] [INFO] PikSendAPI: Image uploaded: img_1770202300_6069
[2026-02-04 11:51:40] [INFO] PikSendAPI: Image uploaded: img_1770202300_3170
[2026-02-04 11:51:40] [INFO] PikSendAPI: Image uploaded: img_1770202300_9590
[2026-02-04 11:51:40] [INFO] PikSendAPI: Image uploaded: img_1770202300_7800
[2026-02-04 11:51:40] [INFO] PikSendAPI: Image uploaded: img_1770202300_1398
[2026-02-04 11:51:40] [INFO] PikSendAPI: Image uploaded: img_1770202300_2219
[2026-02-04 11:51:40] [INFO] PikSendAPI: Fetched 1 galleries
[2026-02-04 11:51:40] [INFO] PikSendAPI: Image uploaded: img_1770202300_5036
[2026-02-04 11:51:40] [INFO] PikSendAPI: Image uploaded: img_1770202300_7571
[2026-02-04 11:51:40] [INFO] PikSendAPI: Image uploaded: img_1770202300_2923
[2026-02-04 11:51:40] [INFO] PikSendAPI: Image uploaded: img_1770202300_1417
[2026-02-04 11:51:40] [INFO] PikSendAPI: Image uploaded: img_1770202300_9836
[2026-02-04 11:51:40] [INFO] PikSendAPI: Image uploaded: img_1770202300_8805
[2026-02-04 11:51:40] [INFO] PikSendAPI: Fetched 1 galleries
[2026-02-04 11:51:40] [INFO] PikSendAPI: Image uploaded: img_1770202300_3836
[2026-02-04 11:51:40] [INFO] PikSendAPI: Fetched 1 galleries
[2026-02-04 11:51:40] [INFO] PikSendAPI: Image uploaded: img_1770202300_4657
[2026-02-04 11:51:40] [INFO] PikSendAPI: Image uploaded: img_1770202300_2788
[2026-02-04 11:51:40] [INFO] PikSendAPI: Image uploaded: img_1770202300_2679
[2026-02-04 11:51:40] [INFO] PikSendAPI: Image uploaded: img_1770202300_3398
[2026-02-04 11:51:40] [INFO] PikSendAPI: Image uploaded: img_1770202300_6604
[2026-02-04 11:51:40] [INFO] PikSendAPI: Image uploaded: img_1770202300_7040
[2026-02-04 11:51:40] [INFO] PikSendAPI: Image uploaded: img_1770202300_7075
[2026-02-04 11:51:40] [INFO] PikSendAPI: Image uploaded: img_1770202300_4317
[2026-02-04 11:51:40] [INFO] PikSendAPI: Image uploaded: img_1770202300_3290
[2026-02-04 11:51:40] [INFO] PikSendAPI: Image uploaded: img_1770202300_4785
[2026-02-04 11:51:40] [INFO] PikSendAPI: Image uploaded: img_1770202300_4643
[2026-02-04 11:51:40] [INFO] PikSendAPI: Image uploaded: img_1770202300_6559
[2026-02-04 11:51:40] [INFO] PikSendAPI: Image uploaded: img_1770202300_1655
[2026-02-04 11:51:40] [INFO] PikSendAPI: Image uploaded: img_1770202300_7939
[2026-02-04 11:51:40] [INFO] PikSendAPI: Image uploaded: img_1770202300_9363
[2026-02-04 11:51:40] [INFO] PikSendAPI: Image uploaded: img_1770202300_4865
[2026-02-04 11:51:40] [INFO] PikSendAPI: Image uploaded: img_1770202300_7138
[2026-02-04 11:51:40] [INFO] PikSendAPI: Image uploaded: img_1770202300_5053
[2026-02-04 11:51:40] [INFO] PikSendAPI: Image uploaded: img_1770202300_7950
[2026-02-04 11:51:40] [INFO] PikSendAPI: Image uploaded: img_1770202300_1224
[2026-02-04 11:51:40] [INFO] PikSendAPI: Image uploaded: img_1770202300_8250
[2026-02-04 11:51:40] [INFO] PikSendAPI: Image uploaded: img_1770202300_3593
[2026-02-04 11:51:40] [INFO] PikSendAPI: Image uploaded: img_1770202300_5958
[2026-02-04 11:51:40] [INFO] PikSendAPI: Image uploaded: img_1770202300_1450
[2026-02-04 11:51:40] [INFO] PikSendAPI: Image uploaded: img_1770202300_2203
[2026-02-04 11:51:40] [INFO] PikSendAPI: Image uploaded: img_1770202300_2306
[2026-02-04 11:51:40] [INFO] PikSendAPI: Image uploaded: img_1770202300_8606
[2026-02-04 11:51:40] [INFO] PikSendAPI: Image uploaded: img_1770202300_4540
[2026-02-04 11:51:40] [INFO] PikSendAPI: Image uploaded: img_1770202300_5723
[2026-02-04 11:51:40] [INFO] PikSendAPI: Image uploaded: img_1770202300_4527
[2026-02-04 11:51:40] [INFO] PikSendAPI: Image uploaded: img_1770202300_4687
[2026-02-04 11:51:40] [INFO] PikSendAPI: Image uploaded: img_1770202300_5446
[2026-02-04 11:51:40] [INFO] PikSendAPI: Image uploaded: img_1770202300_8179
[2026-02-04 11:51:40] [INFO] PikSendAPI: Image uploaded: img_1770202300_4715
[2026-02-04 11:51:40] [INFO] PikSendAPI: Image uploaded: img_1770202300_4875
[2026-02-04 11:51:40] [INFO] PikSendAPI: Image uploaded: img_1770202300_9463
[2026-02-04 11:51:40] [INFO] PikSendAPI: Image uploaded: img_1770202300_4231
[2026-02-04 11:51:40] [INFO] PikSendAPI: Image uploaded: img_1770202300_1460
[2026-02-04 11:51:40] [INFO] PikSendAPI: Image uploaded: img_1770202300_1109
[2026-02-04 11:51:40] [INFO] PikSendAPI: Image uploaded: img_1770202300_3813
[2026-02-04 11:51:40] [INFO] PikSendAPI: Image uploaded: img_1770202300_8022
[2026-02-04 11:51:40] [INFO] PikSendAPI: Image uploaded: img_1770202300_2577
[2026-02-04 11:51:40] [INFO] PikSendAPI: Image uploaded: img_1770202300_2941
[2026-02-04 11:51:40] [INFO] PikSendAPI: Image uploaded: img_1770202300_4908
[2026-02-04 11:51:40] [INFO] PikSendAPI: Image uploaded: img_1770202300_6576
[2026-02-04 11:51:40] [INFO] PikSendAPI: Image uploaded: img_1770202300_2713
[2026-02-04 11:51:40] [INFO] PikSendAPI: Image uploaded: img_1770202300_9815
[2026-02-04 11:51:40] [INFO] PikSendAPI: Image uploaded: img_1770202300_3803
[2026-02-04 11:51:40] [INFO] PikSendAPI: Image uploaded: img_1770202300_3002
[2026-02-04 11:51:40] [INFO] PikSendAPI: Image uploaded: img_1770202300_3971
[2026-02-04 11:51:40] [INFO] PikSendAPI: Image uploaded: img_1770202300_4456
[2026-02-04 11:51:40] [INFO] PikSendAPI: Image uploaded: img_1770202300_1215
[2026-02-04 11:51:40] [INFO] PikSendAPI: Image uploaded: img_1770202300_4783
[2026-02-04 11:51:40] [INFO] PikSendAPI: Image uploaded: img_1770202300_6060
[2026-02-04 11:51:40] [INFO] PikSendAPI: Image uploaded: img_1770202300_2628
[2026-02-04 11:51:40] [INFO] PikSendAPI: Image uploaded: img_1770202300_5360
[2026-02-04 11:51:40] [INFO] PikSendAPI: Image uploaded: img_1770202300_2976
[2026-02-04 11:51:40] [INFO] PikSendAPI: Image uploaded: img_1770202300_1640
[2026-02-04 11:51:40] [INFO] PikSendAPI: Image uploaded: img_1770202300_5200
[2026-02-04 11:51:40] [INFO] PikSendAPI: Image uploaded: img_1770202300_6983
[2026-02-04 11:51:40] [INFO] PikSendAPI: Image uploaded: img_1770202300_3683
[2026-02-04 11:51:40] [INFO] PikSendAPI: Image uploaded: img_1770202300_4510
[2026-02-04 11:51:40] [INFO] PikSendAPI: Image uploaded: img_1770202300_5205
[2026-02-04 11:51:40] [INFO] PikSendAPI: Image uploaded: img_1770202300_1058
[2026-02-04 11:51:40] [INFO] PikSendAPI: Image uploaded: img_1770202300_7328
[2026-02-04 11:51:40] [INFO] PikSendAPI: Image uploaded: img_1770202300_1652
[2026-02-04 11:51:40] [INFO] PikSendAPI: Image uploaded: img_1770202300_1537
[2026-02-04 11:51:40] [INFO] PikSendAPI: Image uploaded: img_1770202300_7065
[2026-02-04 11:51:40] [INFO] PikSendAPI: Image uploaded: img_1770202300_7911
[2026-02-04 11:51:40] [INFO] PikSendAPI: Image uploaded: img_1770202300_9427
[2026-02-04 11:51:40] [INFO] PikSendAPI: Image uploaded: img_1770202300_6469
[2026-02-04 11:51:40] [INFO] PikSendAPI: Image uploaded: img_1770202300_9487
[2026-02-04 11:51:40] [INFO] PikSendAPI: Image uploaded: img_1770202300_3093
[2026-02-04 11:51:40] [INFO] PikSendAPI: Image uploaded: img_1770202300_5202
[2026-02-04 11:51:40] [INFO] PikSendAPI: Image uploaded: img_1770202300_6245
[2026-02-04 11:51:40] [INFO] PikSendAPI: Image uploaded: img_1770202300_6635
[2026-02-04 11:51:40] [INFO] PikSendAPI: Image uploaded: img_1770202300_8927
[2026-02-04 11:51:40] [INFO] PikSendAPI: Image uploaded: img_1770202300_6627
[2026-02-04 11:51:40] [INFO] PikSendAPI: Image uploaded: img_1770202300_9568
[2026-02-04 11:51:40] [INFO] PikSendAPI: Image uploaded: img_1770202300_1934
[2026-02-04 11:51:40] [INFO] PikSendAPI: Image uploaded: img_1770202300_1195
[2026-02-04 11:51:40] [INFO] PikSendAPI: Image uploaded: img_1770202300_6781
[2026-02-04 11:51:40] [INFO] PikSendAPI: Image uploaded: img_1770202300_4589
[2026-02-04 11:51:40] [INFO] PikSendAPI: Image uploaded: img_1770202300_9061
[2026-02-04 11:51:40] [INFO] PikSendAPI: Image uploaded: img_1770202300_8103
[2026-02-04 11:51:40] [INFO] PikSendAPI: Image uploaded: img_1770202300_4662
[2026-02-04 11:51:40] [INFO] PikSendAPI: Image uploaded: img_1770202300_9818
[2026-02-04 11:51:40] [INFO] PikSendAPI: Image uploaded: img_1770202300_1027
[2026-02-04 11:51:40] [INFO] PikSendAPI: Image uploaded: img_1770202300_3673
[2026-02-04 11:51:40] [INFO] PikSendAPI: Image uploaded: img_1770202300_6067
[2026-02-04 11:51:40] [INFO] PikSendAPI: Image uploaded: img_1770202300_7885
[2026-02-04 11:51:40] [INFO] PikSendAPI: Image uploaded: img_1770202300_6732
[2026-02-04 11:51:40] [INFO] PikSendAPI: Image uploaded: img_1770202300_4018
[2026-02-04 11:51:40] [INFO] PikSendAPI: Image uploaded: img_1770202300_2710
[2026-02-04 11:51:40] [INFO] PikSendAPI: Image uploaded: img_1770202300_3837
[2026-02-04 11:51:40] [INFO] PikSendAPI: Image uploaded: img_1770202300_1848
[2026-02-04 11:51:40] [INFO] PikSendAPI: Image uploaded: img_1770202300_9623
[2026-02-04 11:51:40] [INFO] PikSendAPI: Image uploaded: img_1770202300_2471
[2026-02-04 11:51:40] [INFO] PikSendAPI: Image uploaded: img_1770202300_5211
[2026-02-04 11:51:40] [INFO] PikSendAPI: Image uploaded: img_1770202300_3714
[2026-02-04 11:51:40] [INFO] PikSendAPI: Fetched 1 galleries
[2026-02-04 11:51:40] [INFO] PikSendAPI: Image uploaded: img_1770202300_4909
[2026-02-04 11:52:03] [INFO] PikSend: PikSend plugin initialized
[2026-02-04 11:52:03] [INFO] PikSendAPI: Fetched 1 galleries
[2026-02-04 11:52:03] [INFO] PikSendAPI: Image uploaded: img_gallery1_1807
[2026-02-04 11:52:03] [INFO] PikSendAPI: Fetched 1 galleries
[2026-02-04 11:52:03] [INFO] PikSendAPI: Image uploaded: img_gallery1_1883
[2026-02-04 11:52:03] [INFO] PikSendAPI: Image uploaded: img_gallery1_4020
[2026-02-04 11:52:03] [INFO] PikSendAPI: Image uploaded: img_gallery1_8891
[2026-02-04 11:52:03] [INFO] PikSendAPI: Fetched 1 galleries
[2026-02-04 11:52:03] [INFO] PikSendAPI: Image uploaded: img_gallery1_1059
[2026-02-04 11:52:03] [INFO] PikSendAPI: Fetched 1 galleries
[2026-02-04 11:52:03] [INFO] PikSendAPI: Image uploaded: img_gallery1_7402
[2026-02-04 11:52:03] [INFO] PikSendAPI: Fetched 1 galleries
[2026-02-04 11:52:03] [INFO] PikSendAPI: Image uploaded: img_gallery1_7219
[2026-02-04 11:52:03] [INFO] PikSendAPI: Image uploaded: img_gallery1_7507
[2026-02-04 11:52:03] [INFO] PikSendAPI: Image uploaded: img_gallery1_9010
[2026-02-04 11:52:03] [INFO] PikSendAPI: Fetched 1 galleries
[2026-02-04 11:52:03] [INFO] PikSendAPI: Image uploaded: img_gallery1_2585
[2026-02-04 11:52:03] [INFO] PikSendAPI: Image uploaded: img_gallery1_8226
[2026-02-04 11:52:03] [INFO] PikSendAPI: Image deleted: img_gallery1_2585
[2026-02-04 11:52:03] [INFO] PikSendAPI: Fetched 1 galleries
[2026-02-04 11:52:03] [INFO] PikSendAPI: Image uploaded: img_gallery1_9350
[2026-02-04 11:52:03] [INFO] PikSendAPI: Image uploaded: img_gallery1_1053
[2026-02-04 11:52:03] [INFO] PikSendAPI: Image uploaded: img_gallery1_9451
[2026-02-04 11:52:03] [INFO] PikSendAPI: Image uploaded: img_gallery1_2471
[2026-02-04 11:52:03] [INFO] PikSendAPI: Image uploaded: img_gallery1_9327
[2026-02-04 11:52:03] [INFO] PikSendAPI: Image deleted: img_gallery1_9350
[2026-02-04 11:52:03] [INFO] PikSendAPI: Image deleted: img_gallery1_1053
[2026-02-04 11:52:03] [INFO] PikSendAPI: Image deleted: img_gallery1_9451
[2026-02-04 11:52:03] [INFO] PikSendAPI: Fetched 1 galleries
[2026-02-04 11:52:03] [INFO] PikSendAPI: Image uploaded: img_gallery1_2988
[2026-02-04 11:52:03] [INFO] PikSendAPI: Image uploaded: img_gallery1_8859
[2026-02-04 11:52:03] [INFO] PikSendAPI: Fetched 1 galleries
[2026-02-04 11:52:03] [INFO] PikSendAPI: Image uploaded: img_gallery1_6289
[2026-02-04 11:52:03] [INFO] PikSendAPI: Image uploaded: img_gallery1_7095
[2026-02-04 11:52:03] [INFO] PikSendAPI: Image uploaded: img_gallery1_5062
[2026-02-04 11:52:03] [INFO] PikSendAPI: Image uploaded: img_gallery1_5909
[2026-02-04 11:52:03] [INFO] PikSendAPI: Image uploaded: img_gallery1_2468
[2026-02-04 11:52:03] [INFO] PikSendAPI: Fetched 1 galleries
[2026-02-04 11:52:03] [INFO] PikSendAPI: Image uploaded: img_gallery1_5544
[2026-02-04 11:52:03] [INFO] PikSendAPI: Fetched 1 galleries
[2026-02-04 11:52:03] [INFO] PikSendAPI: Image uploaded: img_gallery1_8789
[2026-02-04 11:52:03] [INFO] PikSendAPI: Image uploaded: img_gallery1_8131
[2026-02-04 11:52:03] [INFO] PikSendAPI: Fetched 1 galleries
[2026-02-04 11:52:03] [INFO] PikSendAPI: Image uploaded: img_gallery1_8736
[2026-02-04 11:52:03] [INFO] PikSendAPI: Image deleted: img_gallery1_8736
[2026-02-04 11:52:03] [INFO] PikSendAPI: Fetched 1 galleries
[2026-02-04 11:52:03] [INFO] PikSendAPI: Fetched 1 galleries
[2026-02-04 11:52:03] [INFO] PikSendAPI: Image uploaded: img_gallery1_6695
[2026-02-04 11:52:03] [INFO] PikSendAPI: Fetched 1 galleries
[2026-02-04 11:52:03] [INFO] PikSendAPI: Fetched 1 galleries
[2026-02-04 11:52:03] [INFO] PikSendAPI: Image uploaded: img_gallery1_7316
[2026-02-04 11:52:03] [INFO] PikSendAPI: Image uploaded: img_gallery1_2427
[2026-02-04 11:52:03] [INFO] PikSendAPI: Image uploaded: img_gallery1_8962
[2026-02-04 11:52:03] [INFO] PikSendAPI: Image uploaded: img_gallery1_1856
[2026-02-04 11:52:03] [INFO] PikSendAPI: Image uploaded: img_gallery1_6319
[2026-02-04 11:52:03] [INFO] PikSendAPI: Image uploaded: img_gallery1_8934
[2026-02-04 11:52:03] [INFO] PikSendAPI: Image uploaded: img_gallery1_9425
[2026-02-04 11:52:03] [INFO] PikSendAPI: Fetched 1 galleries
[2026-02-04 11:52:03] [INFO] PikSendAPI: Image uploaded: img_gallery1_6537
[2026-02-04 11:52:03] [INFO] PikSendAPI: Image uploaded: img_gallery1_8726
[2026-02-04 11:52:03] [INFO] PikSendAPI: Image uploaded: img_gallery1_7000
[2026-02-04 11:52:03] [INFO] PikSendAPI: Image uploaded: img_gallery1_8963
[2026-02-04 11:52:03] [INFO] PikSendAPI: Image uploaded: img_gallery1_3630
[2026-02-04 11:52:03] [INFO] PikSendAPI: Image uploaded: img_invalid_gallery_id_4785
[2026-02-04 11:52:03] [INFO] PikSendAPI: Fetched 1 galleries
[2026-02-04 11:52:03] [INFO] PikSendAPI: Image uploaded: img_gallery1_3138
[2026-02-04 11:52:03] [INFO] PikSendAPI: Fetched 1 galleries
[2026-02-04 11:52:03] [INFO] PikSendAPI: Image uploaded: img_gallery1_1222
[2026-02-04 11:52:03] [INFO] PikSendAPI: Image uploaded: img_gallery1_9237
[2026-02-04 11:52:03] [INFO] PikSendAPI: Image uploaded: img_gallery1_2859
[2026-02-04 11:52:03] [INFO] PikSendAPI: Image uploaded: img_gallery1_4366
[2026-02-04 11:52:03] [INFO] PikSendAPI: Image uploaded: img_gallery1_6274
[2026-02-04 11:52:03] [INFO] PikSendAPI: Image uploaded: img_gallery1_3682
[2026-02-04 11:52:03] [INFO] PikSendAPI: Image uploaded: img_gallery1_9026
[2026-02-04 11:52:03] [INFO] PikSendAPI: Image uploaded: img_gallery1_7266
[2026-02-04 11:52:03] [INFO] PikSendAPI: Image uploaded: img_gallery1_1045
[2026-02-04 11:52:03] [INFO] PikSendAPI: Image uploaded: img_gallery1_7569
[2026-02-04 11:52:03] [INFO] PikSendAPI: Image uploaded: img_gallery1_3471
[2026-02-04 11:52:03] [INFO] PikSendAPI: Image uploaded: img_gallery1_8659
[2026-02-04 11:52:03] [INFO] PikSendAPI: Image uploaded: img_gallery1_3205
[2026-02-04 11:52:03] [INFO] PikSendAPI: Image uploaded: img_gallery1_7923
[2026-02-04 11:52:03] [INFO] PikSendAPI: Image uploaded: img_gallery1_3664
[2026-02-04 11:52:03] [INFO] PikSendAPI: Image uploaded: img_gallery1_3176
[2026-02-04 11:52:03] [INFO] PikSendAPI: Image uploaded: img_gallery1_8285
[2026-02-04 11:52:03] [INFO] PikSendAPI: Image uploaded: img_gallery1_5726
[2026-02-04 11:52:03] [INFO] PikSendAPI: Image uploaded: img_gallery1_3285
[2026-02-04 11:52:03] [INFO] PikSendAPI: Image uploaded: img_gallery1_8517
[2026-02-04 11:52:03] [INFO] PikSendAPI: Image uploaded: img_gallery1_9184
[2026-02-04 11:52:03] [INFO] PikSendAPI: Image uploaded: img_gallery1_3835
[2026-02-04 11:52:03] [INFO] PikSendAPI: Image uploaded: img_gallery1_4919
[2026-02-04 11:52:03] [INFO] PikSendAPI: Image uploaded: img_gallery1_2168
[2026-02-04 11:52:03] [INFO] PikSendAPI: Image uploaded: img_gallery1_5935
[2026-02-04 11:52:03] [INFO] PikSendAPI: Image uploaded: img_gallery1_4741
[2026-02-04 11:52:03] [INFO] PikSendAPI: Image uploaded: img_gallery1_9186
[2026-02-04 11:52:03] [INFO] PikSendAPI: Image uploaded: img_gallery1_3479
[2026-02-04 11:52:03] [INFO] PikSendAPI: Image uploaded: img_gallery1_9693
[2026-02-04 11:52:03] [INFO] PikSendAPI: Image uploaded: img_gallery1_7193
[2026-02-04 11:52:03] [INFO] PikSendAPI: Image uploaded: img_gallery1_2783
[2026-02-04 11:52:03] [INFO] PikSendAPI: Image uploaded: img_gallery1_7797
[2026-02-04 11:52:03] [INFO] PikSendAPI: Image uploaded: img_gallery1_5672
[2026-02-04 11:52:03] [INFO] PikSendAPI: Image uploaded: img_gallery1_8534
[2026-02-04 11:52:03] [INFO] PikSendAPI: Image uploaded: img_gallery1_4055
[2026-02-04 11:52:03] [INFO] PikSendAPI: Image uploaded: img_gallery1_4856
[2026-02-04 11:52:03] [INFO] PikSendAPI: Image uploaded: img_gallery1_5953
[2026-02-04 11:52:03] [INFO] PikSendAPI: Image uploaded: img_gallery1_8186
[2026-02-04 11:52:03] [INFO] PikSendAPI: Image uploaded: img_gallery1_8859
[2026-02-04 11:52:03] [INFO] PikSendAPI: Image uploaded: img_gallery1_6980
[2026-02-04 11:52:03] [INFO] PikSendAPI: Image uploaded: img_gallery1_8107
[2026-02-04 11:52:03] [INFO] PikSendAPI: Image uploaded: img_gallery1_1014
[2026-02-04 11:52:03] [INFO] PikSendAPI: Image uploaded: img_gallery1_7481
[2026-02-04 11:52:03] [INFO] PikSendAPI: Image uploaded: img_gallery1_6314
[2026-02-04 11:52:03] [INFO] PikSendAPI: Image uploaded: img_gallery1_4133
[2026-02-04 11:52:03] [INFO] PikSendAPI: Image uploaded: img_gallery1_3380
[2026-02-04 11:52:03] [INFO] PikSendAPI: Image uploaded: img_gallery1_4059
[2026-02-04 11:52:03] [INFO] PikSendAPI: Image uploaded: img_gallery1_7746
[2026-02-04 11:52:03] [INFO] PikSendAPI: Image uploaded: img_gallery1_5734
[2026-02-04 11:52:03] [INFO] PikSendAPI: Image uploaded: img_gallery1_7786
[2026-02-04 11:52:03] [INFO] PikSendAPI: Image uploaded: img_gallery1_9187
[2026-02-04 11:52:03] [INFO] PikSendAPI: Image uploaded: img_gallery1_2547
[2026-02-04 11:52:03] [INFO] PikSendAPI: Image uploaded: img_gallery1_4166
[2026-02-04 11:52:03] [INFO] PikSendAPI: Image uploaded: img_gallery1_3993
[2026-02-04 11:52:03] [INFO] PikSendAPI: Image uploaded: img_gallery1_3465
[2026-02-04 11:52:03] [INFO] PikSendAPI: Image uploaded: img_gallery1_7041
[2026-02-04 11:52:03] [INFO] PikSendAPI: Image uploaded: img_gallery1_9182
[2026-02-04 11:52:03] [INFO] PikSendAPI: Image uploaded: img_gallery1_8310
[2026-02-04 11:52:03] [INFO] PikSendAPI: Image uploaded: img_gallery1_2696
[2026-02-04 11:52:03] [INFO] PikSendAPI: Image uploaded: img_gallery1_7542
[2026-02-04 11:52:03] [INFO] PikSendAPI: Image uploaded: img_gallery1_9218
[2026-02-04 11:52:03] [INFO] PikSendAPI: Image uploaded: img_gallery1_5217
[2026-02-04 11:52:03] [INFO] PikSendAPI: Image uploaded: img_gallery1_1536
[2026-02-04 11:52:03] [INFO] PikSendAPI: Image uploaded: img_gallery1_4403
[2026-02-04 11:52:03] [INFO] PikSendAPI: Image uploaded: img_gallery1_9946
[2026-02-04 11:52:03] [INFO] PikSendAPI: Image uploaded: img_gallery1_9650
[2026-02-04 11:52:03] [INFO] PikSendAPI: Image uploaded: img_gallery1_7100
[2026-02-04 11:52:03] [INFO] PikSendAPI: Image uploaded: img_gallery1_6087
[2026-02-04 11:52:03] [INFO] PikSendAPI: Image uploaded: img_gallery1_1098
[2026-02-04 11:52:03] [INFO] PikSendAPI: Image uploaded: img_gallery1_4505
[2026-02-04 11:52:03] [INFO] PikSendAPI: Image uploaded: img_gallery1_7674
[2026-02-04 11:52:03] [INFO] PikSendAPI: Image uploaded: img_gallery1_7372
[2026-02-04 11:52:03] [INFO] PikSendAPI: Image uploaded: img_gallery1_3109
[2026-02-04 11:52:03] [INFO] PikSendAPI: Image uploaded: img_gallery1_7306
[2026-02-04 11:52:03] [INFO] PikSendAPI: Image uploaded: img_gallery1_7405
[2026-02-04 11:52:03] [INFO] PikSendAPI: Image uploaded: img_gallery1_9735
[2026-02-04 11:52:03] [INFO] PikSendAPI: Image uploaded: img_gallery1_8739
[2026-02-04 11:52:03] [INFO] PikSendAPI: Image uploaded: img_gallery1_6294
[2026-02-04 11:52:03] [INFO] PikSendAPI: Image uploaded: img_gallery1_1866
[2026-02-04 11:52:03] [INFO] PikSendAPI: Image uploaded: img_gallery1_5988
[2026-02-04 11:52:03] [INFO] PikSendAPI: Image uploaded: img_gallery1_3436
[2026-02-04 11:52:03] [INFO] PikSendAPI: Image uploaded: img_gallery1_1355
[2026-02-04 11:52:03] [INFO] PikSendAPI: Image uploaded: img_gallery1_9243
[2026-02-04 11:52:03] [INFO] PikSendAPI: Image uploaded: img_gallery1_8721
[2026-02-04 11:52:03] [INFO] PikSendAPI: Image uploaded: img_gallery1_7282
[2026-02-04 11:52:03] [INFO] PikSendAPI: Image uploaded: img_gallery1_7285
[2026-02-04 11:52:03] [INFO] PikSendAPI: Image uploaded: img_gallery1_2360
[2026-02-04 11:52:03] [INFO] PikSendAPI: Image uploaded: img_gallery1_3208
[2026-02-04 11:52:03] [INFO] PikSendAPI: Image uploaded: img_gallery1_6690
[2026-02-04 11:52:03] [INFO] PikSendAPI: Image uploaded: img_gallery1_5405
[2026-02-04 11:52:03] [INFO] PikSendAPI: Image uploaded: img_gallery1_9240
[2026-02-04 11:52:03] [INFO] PikSendAPI: Image uploaded: img_gallery1_2792
[2026-02-04 11:52:03] [INFO] PikSendAPI: Image uploaded: img_gallery1_7365
[2026-02-04 11:52:03] [INFO] PikSendAPI: Image uploaded: img_gallery1_6912
[2026-02-04 11:52:03] [INFO] PikSendAPI: Image uploaded: img_gallery1_9761
[2026-02-04 11:52:03] [INFO] PikSendAPI: Image uploaded: img_gallery1_4201
[2026-02-04 11:52:03] [INFO] PikSendAPI: Image uploaded: img_gallery1_2106
[2026-02-04 11:52:03] [INFO] PikSendAPI: Image uploaded: img_gallery1_3732
[2026-02-04 11:52:03] [INFO] PikSendAPI: Image uploaded: img_gallery1_8032
[2026-02-04 11:52:03] [INFO] PikSendAPI: Image uploaded: img_gallery1_4385
[2026-02-04 11:52:03] [INFO] PikSendAPI: Fetched 1 galleries
[2026-02-04 11:52:03] [INFO] PikSendAPI: Image uploaded: img_gallery1_8099
[2026-02-04 11:52:48] [INFO] PikSend: PikSend plugin initialized
[2026-02-04 11:52:48] [INFO] PikSendAPI: Fetched 1 galleries
[2026-02-04 11:52:48] [INFO] PikSendAPI: Image uploaded: img_gallery1_7776
[2026-02-04 11:52:48] [INFO] PikSendAPI: Fetched 1 galleries
[2026-02-04 11:52:48] [INFO] PikSendAPI: Image uploaded: img_gallery1_7276
[2026-02-04 11:52:48] [INFO] PikSendAPI: Image uploaded: img_gallery1_3758
[2026-02-04 11:52:48] [INFO] PikSendAPI: Image uploaded: img_gallery1_4688
[2026-02-04 11:52:48] [INFO] PikSendAPI: Fetched 1 galleries
[2026-02-04 11:52:48] [INFO] PikSendAPI: Image uploaded: img_gallery1_1017
[2026-02-04 11:52:48] [INFO] PikSendAPI: Fetched 1 galleries
[2026-02-04 11:52:48] [INFO] PikSendAPI: Image uploaded: img_gallery1_7053
[2026-02-04 11:52:48] [INFO] PikSendAPI: Fetched 1 galleries
[2026-02-04 11:52:48] [INFO] PikSendAPI: Image uploaded: img_gallery1_7305
[2026-02-04 11:52:48] [INFO] PikSendAPI: Image uploaded: img_gallery1_4119
[2026-02-04 11:52:48] [INFO] PikSendAPI: Image uploaded: img_gallery1_8490
[2026-02-04 11:52:48] [INFO] PikSendAPI: Fetched 1 galleries
[2026-02-04 11:52:48] [INFO] PikSendAPI: Image uploaded: img_gallery1_8909
[2026-02-04 11:52:48] [INFO] PikSendAPI: Image uploaded: img_gallery1_6543
[2026-02-04 11:52:48] [INFO] PikSendAPI: Image deleted: img_gallery1_8909
[2026-02-04 11:52:48] [INFO] PikSendAPI: Fetched 1 galleries
[2026-02-04 11:52:48] [INFO] PikSendAPI: Image uploaded: img_gallery1_9804
[2026-02-04 11:52:48] [INFO] PikSendAPI: Image uploaded: img_gallery1_1281
[2026-02-04 11:52:48] [INFO] PikSendAPI: Image uploaded: img_gallery1_9352
[2026-02-04 11:52:48] [INFO] PikSendAPI: Image uploaded: img_gallery1_9766
[2026-02-04 11:52:48] [INFO] PikSendAPI: Image uploaded: img_gallery1_8082
[2026-02-04 11:52:48] [INFO] PikSendAPI: Image deleted: img_gallery1_9804
[2026-02-04 11:52:48] [INFO] PikSendAPI: Image deleted: img_gallery1_1281
[2026-02-04 11:52:48] [INFO] PikSendAPI: Image deleted: img_gallery1_9352
[2026-02-04 11:52:48] [INFO] PikSendAPI: Fetched 1 galleries
[2026-02-04 11:52:48] [INFO] PikSendAPI: Image uploaded: img_gallery1_9758
[2026-02-04 11:52:48] [INFO] PikSendAPI: Image uploaded: img_gallery1_4060
[2026-02-04 11:52:48] [INFO] PikSendAPI: Fetched 1 galleries
[2026-02-04 11:52:48] [INFO] PikSendAPI: Image uploaded: img_gallery1_9157
[2026-02-04 11:52:48] [INFO] PikSendAPI: Image uploaded: img_gallery1_1773
[2026-02-04 11:52:48] [INFO] PikSendAPI: Image uploaded: img_gallery1_2142
[2026-02-04 11:52:48] [INFO] PikSendAPI: Image uploaded: img_gallery1_9825
[2026-02-04 11:52:48] [INFO] PikSendAPI: Image uploaded: img_gallery1_9024
[2026-02-04 11:52:48] [INFO] PikSendAPI: Fetched 1 galleries
[2026-02-04 11:52:48] [INFO] PikSendAPI: Image uploaded: img_gallery1_9982
[2026-02-04 11:52:48] [INFO] PikSendAPI: Fetched 1 galleries
[2026-02-04 11:52:48] [INFO] PikSendAPI: Image uploaded: img_gallery1_7602
[2026-02-04 11:52:48] [INFO] PikSendAPI: Image uploaded: img_gallery1_1866
[2026-02-04 11:52:48] [INFO] PikSendAPI: Fetched 1 galleries
[2026-02-04 11:52:48] [INFO] PikSendAPI: Image uploaded: img_gallery1_6548
[2026-02-04 11:52:48] [INFO] PikSendAPI: Image deleted: img_gallery1_6548
[2026-02-04 11:52:48] [INFO] PikSendAPI: Image uploaded: img_gallery1_8302
[2026-02-04 11:52:48] [INFO] PikSendAPI: Fetched 1 galleries
[2026-02-04 11:52:48] [INFO] PikSendAPI: Fetched 1 galleries
[2026-02-04 11:52:48] [INFO] PikSendAPI: Image uploaded: img_gallery1_2085
[2026-02-04 11:52:48] [INFO] PikSendAPI: Fetched 1 galleries
[2026-02-04 11:52:48] [INFO] PikSendAPI: Fetched 1 galleries
[2026-02-04 11:52:48] [INFO] PikSendAPI: Image uploaded: img_gallery1_6418
[2026-02-04 11:52:48] [INFO] PikSendAPI: Image uploaded: img_gallery1_6468
[2026-02-04 11:52:48] [INFO] PikSendAPI: Image uploaded: img_gallery1_3415
[2026-02-04 11:52:48] [INFO] PikSendAPI: Image uploaded: img_gallery1_1728
[2026-02-04 11:52:48] [INFO] PikSendAPI: Image uploaded: img_gallery1_7827
[2026-02-04 11:52:48] [INFO] PikSendAPI: Image uploaded: img_gallery1_1842
[2026-02-04 11:52:48] [INFO] PikSendAPI: Image uploaded: img_gallery1_3704
[2026-02-04 11:52:48] [INFO] PikSendAPI: Fetched 1 galleries
[2026-02-04 11:52:48] [INFO] PikSendAPI: Image uploaded: img_gallery1_4670
[2026-02-04 11:52:48] [INFO] PikSendAPI: Image uploaded: img_gallery1_5923
[2026-02-04 11:52:48] [INFO] PikSendAPI: Image uploaded: img_gallery1_1890
[2026-02-04 11:52:48] [INFO] PikSendAPI: Image uploaded: img_gallery1_9563
[2026-02-04 11:52:48] [INFO] PikSendAPI: Image uploaded: img_gallery1_6594
[2026-02-04 11:52:48] [INFO] PikSendAPI: Image uploaded: img_invalid_gallery_id_5784
[2026-02-04 11:52:48] [INFO] PikSendAPI: Fetched 1 galleries
[2026-02-04 11:52:48] [INFO] PikSendAPI: Image uploaded: img_gallery1_8824
[2026-02-04 11:52:48] [INFO] PikSendAPI: Fetched 1 galleries
[2026-02-04 11:52:48] [INFO] PikSendAPI: Image uploaded: img_gallery1_9729
[2026-02-04 11:52:48] [INFO] PikSendAPI: Image uploaded: img_gallery1_8232
[2026-02-04 11:52:48] [INFO] PikSendAPI: Image uploaded: img_gallery1_2586
[2026-02-04 11:52:48] [INFO] PikSendAPI: Image uploaded: img_gallery1_6333
[2026-02-04 11:52:48] [INFO] PikSendAPI: Image uploaded: img_gallery1_7276
[2026-02-04 11:52:48] [INFO] PikSendAPI: Image uploaded: img_gallery1_7303
[2026-02-04 11:52:48] [INFO] PikSendAPI: Image uploaded: img_gallery1_7117
[2026-02-04 11:52:48] [INFO] PikSendAPI: Image uploaded: img_gallery1_9750
[2026-02-04 11:52:48] [INFO] PikSendAPI: Image uploaded: img_gallery1_3781
[2026-02-04 11:52:48] [INFO] PikSendAPI: Image uploaded: img_gallery1_2493
[2026-02-04 11:52:48] [INFO] PikSendAPI: Image uploaded: img_gallery1_5581
[2026-02-04 11:52:48] [INFO] PikSendAPI: Image uploaded: img_gallery1_2656
[2026-02-04 11:52:48] [INFO] PikSendAPI: Image uploaded: img_gallery1_6582
[2026-02-04 11:52:48] [INFO] PikSendAPI: Image uploaded: img_gallery1_9696
[2026-02-04 11:52:48] [INFO] PikSendAPI: Image uploaded: img_gallery1_6108
[2026-02-04 11:52:48] [INFO] PikSendAPI: Image uploaded: img_gallery1_4701
[2026-02-04 11:52:48] [INFO] PikSendAPI: Image uploaded: img_gallery1_5411
[2026-02-04 11:52:48] [INFO] PikSendAPI: Image uploaded: img_gallery1_4868
[2026-02-04 11:52:48] [INFO] PikSendAPI: Image uploaded: img_gallery1_6486
[2026-02-04 11:52:48] [INFO] PikSendAPI: Image uploaded: img_gallery1_1459
[2026-02-04 11:52:48] [INFO] PikSendAPI: Image uploaded: img_gallery1_9348
[2026-02-04 11:52:48] [INFO] PikSendAPI: Image uploaded: img_gallery1_2405
[2026-02-04 11:52:48] [INFO] PikSendAPI: Image uploaded: img_gallery1_8072
[2026-02-04 11:52:48] [INFO] PikSendAPI: Image uploaded: img_gallery1_4525
[2026-02-04 11:52:48] [INFO] PikSendAPI: Image uploaded: img_gallery1_9206
[2026-02-04 11:52:48] [INFO] PikSendAPI: Image uploaded: img_gallery1_8610
[2026-02-04 11:52:48] [INFO] PikSendAPI: Image uploaded: img_gallery1_9957
[2026-02-04 11:52:48] [INFO] PikSendAPI: Image uploaded: img_gallery1_1724
[2026-02-04 11:52:48] [INFO] PikSendAPI: Image uploaded: img_gallery1_2668
[2026-02-04 11:52:48] [INFO] PikSendAPI: Image uploaded: img_gallery1_1152
[2026-02-04 11:52:48] [INFO] PikSendAPI: Image uploaded: img_gallery1_4040
[2026-02-04 11:52:48] [INFO] PikSendAPI: Image uploaded: img_gallery1_9814
[2026-02-04 11:52:48] [INFO] PikSendAPI: Image uploaded: img_gallery1_2402
[2026-02-04 11:52:48] [INFO] PikSendAPI: Image uploaded: img_gallery1_8525
[2026-02-04 11:52:48] [INFO] PikSendAPI: Image uploaded: img_gallery1_4993
[2026-02-04 11:52:48] [INFO] PikSendAPI: Image uploaded: img_gallery1_5100
[2026-02-04 11:52:48] [INFO] PikSendAPI: Image uploaded: img_gallery1_2363
[2026-02-04 11:52:48] [INFO] PikSendAPI: Image uploaded: img_gallery1_4810
[2026-02-04 11:52:48] [INFO] PikSendAPI: Image uploaded: img_gallery1_5075
[2026-02-04 11:52:48] [INFO] PikSendAPI: Image uploaded: img_gallery1_7720
[2026-02-04 11:52:48] [INFO] PikSendAPI: Image uploaded: img_gallery1_5387
[2026-02-04 11:52:48] [INFO] PikSendAPI: Image uploaded: img_gallery1_3476
[2026-02-04 11:52:48] [INFO] PikSendAPI: Image uploaded: img_gallery1_9275
[2026-02-04 11:52:48] [INFO] PikSendAPI: Image uploaded: img_gallery1_8249
[2026-02-04 11:52:48] [INFO] PikSendAPI: Image uploaded: img_gallery1_8153
[2026-02-04 11:52:48] [INFO] PikSendAPI: Image uploaded: img_gallery1_3183
[2026-02-04 11:52:48] [INFO] PikSendAPI: Image uploaded: img_gallery1_9205
[2026-02-04 11:52:48] [INFO] PikSendAPI: Image uploaded: img_gallery1_2108
[2026-02-04 11:52:48] [INFO] PikSendAPI: Image uploaded: img_gallery1_2538
[2026-02-04 11:52:48] [INFO] PikSendAPI: Image uploaded: img_gallery1_6463
[2026-02-04 11:52:48] [INFO] PikSendAPI: Image uploaded: img_gallery1_7604
[2026-02-04 11:52:48] [INFO] PikSendAPI: Image uploaded: img_gallery1_3492
[2026-02-04 11:52:48] [INFO] PikSendAPI: Image uploaded: img_gallery1_8158
[2026-02-04 11:52:48] [INFO] PikSendAPI: Image uploaded: img_gallery1_5556
[2026-02-04 11:52:48] [INFO] PikSendAPI: Image uploaded: img_gallery1_4860
[2026-02-04 11:52:48] [INFO] PikSendAPI: Image uploaded: img_gallery1_3181
[2026-02-04 11:52:48] [INFO] PikSendAPI: Image uploaded: img_gallery1_1742
[2026-02-04 11:52:48] [INFO] PikSendAPI: Image uploaded: img_gallery1_3237
[2026-02-04 11:52:48] [INFO] PikSendAPI: Image uploaded: img_gallery1_2781
[2026-02-04 11:52:48] [INFO] PikSendAPI: Image uploaded: img_gallery1_5076
[2026-02-04 11:52:48] [INFO] PikSendAPI: Image uploaded: img_gallery1_4869
[2026-02-04 11:52:48] [INFO] PikSendAPI: Image uploaded: img_gallery1_2797
[2026-02-04 11:52:48] [INFO] PikSendAPI: Image uploaded: img_gallery1_3201
[2026-02-04 11:52:48] [INFO] PikSendAPI: Image uploaded: img_gallery1_5275
[2026-02-04 11:52:48] [INFO] PikSendAPI: Image uploaded: img_gallery1_2131
[2026-02-04 11:52:48] [INFO] PikSendAPI: Image uploaded: img_gallery1_6262
[2026-02-04 11:52:48] [INFO] PikSendAPI: Image uploaded: img_gallery1_9668
[2026-02-04 11:52:48] [INFO] PikSendAPI: Image uploaded: img_gallery1_3059
[2026-02-04 11:52:48] [INFO] PikSendAPI: Image uploaded: img_gallery1_2352
[2026-02-04 11:52:48] [INFO] PikSendAPI: Image uploaded: img_gallery1_2955
[2026-02-04 11:52:48] [INFO] PikSendAPI: Image uploaded: img_gallery1_6101
[2026-02-04 11:52:48] [INFO] PikSendAPI: Image uploaded: img_gallery1_4048
[2026-02-04 11:52:48] [INFO] PikSendAPI: Image uploaded: img_gallery1_3874
[2026-02-04 11:52:48] [INFO] PikSendAPI: Image uploaded: img_gallery1_7278
[2026-02-04 11:52:48] [INFO] PikSendAPI: Image uploaded: img_gallery1_7624
[2026-02-04 11:52:48] [INFO] PikSendAPI: Image uploaded: img_gallery1_8547
[2026-02-04 11:52:48] [INFO] PikSendAPI: Image uploaded: img_gallery1_9693
[2026-02-04 11:52:48] [INFO] PikSendAPI: Image uploaded: img_gallery1_6228
[2026-02-04 11:52:48] [INFO] PikSendAPI: Image uploaded: img_gallery1_6280
[2026-02-04 11:52:48] [INFO] PikSendAPI: Image uploaded: img_gallery1_1148
[2026-02-04 11:52:48] [INFO] PikSendAPI: Image uploaded: img_gallery1_1284
[2026-02-04 11:52:48] [INFO] PikSendAPI: Image uploaded: img_gallery1_5507
[2026-02-04 11:52:48] [INFO] PikSendAPI: Image uploaded: img_gallery1_5808
[2026-02-04 11:52:48] [INFO] PikSendAPI: Image uploaded: img_gallery1_9927
[2026-02-04 11:52:48] [INFO] PikSendAPI: Image uploaded: img_gallery1_6381
[2026-02-04 11:52:48] [INFO] PikSendAPI: Image uploaded: img_gallery1_4325
[2026-02-04 11:52:48] [INFO] PikSendAPI: Image uploaded: img_gallery1_9947
[2026-02-04 11:52:48] [INFO] PikSendAPI: Image uploaded: img_gallery1_2001
[2026-02-04 11:52:48] [INFO] PikSendAPI: Image uploaded: img_gallery1_1186
[2026-02-04 11:52:48] [INFO] PikSendAPI: Image uploaded: img_gallery1_5897
[2026-02-04 11:52:48] [INFO] PikSendAPI: Image uploaded: img_gallery1_6038
[2026-02-04 11:52:48] [INFO] PikSendAPI: Image uploaded: img_gallery1_4901
[2026-02-04 11:52:48] [INFO] PikSendAPI: Image uploaded: img_gallery1_5541
[2026-02-04 11:52:48] [INFO] PikSendAPI: Image uploaded: img_gallery1_3337
[2026-02-04 11:52:48] [INFO] PikSendAPI: Image uploaded: img_gallery1_8865
[2026-02-04 11:52:48] [INFO] PikSendAPI: Image uploaded: img_gallery1_9542
[2026-02-04 11:52:48] [INFO] PikSendAPI: Image uploaded: img_gallery1_7848
[2026-02-04 11:52:48] [INFO] PikSendAPI: Image uploaded: img_gallery1_2741
[2026-02-04 11:52:48] [INFO] PikSendAPI: Image uploaded: img_gallery1_3222
[2026-02-04 11:52:48] [INFO] PikSendAPI: Image uploaded: img_gallery1_2507
[2026-02-04 11:52:48] [INFO] PikSendAPI: Fetched 1 galleries
[2026-02-04 11:52:48] [INFO] PikSendAPI: Image uploaded: img_gallery1_5870
[2026-02-04 11:53:34] [INFO] PikSend: PikSend plugin initialized
[2026-02-04 11:53:34] [INFO] PikSendAPI: Fetched 1 galleries
[2026-02-04 11:53:34] [INFO] PikSendAPI: Image uploaded: img_gallery1_2411
[2026-02-04 11:53:34] [INFO] PikSendAPI: Fetched 1 galleries
[2026-02-04 11:53:34] [INFO] PikSendAPI: Image uploaded: img_gallery1_1356
[2026-02-04 11:53:34] [INFO] PikSendAPI: Image uploaded: img_gallery1_8129
[2026-02-04 11:53:34] [INFO] PikSendAPI: Image uploaded: img_gallery1_9166
[2026-02-04 11:53:34] [INFO] PikSendAPI: Fetched 1 galleries
[2026-02-04 11:53:34] [INFO] PikSendAPI: Image uploaded: img_gallery1_8979
[2026-02-04 11:53:34] [INFO] PikSendAPI: Fetched 1 galleries
[2026-02-04 11:53:34] [INFO] PikSendAPI: Image uploaded: img_gallery1_3762
[2026-02-04 11:53:34] [INFO] PikSendAPI: Fetched 1 galleries
[2026-02-04 11:53:34] [INFO] PikSendAPI: Image uploaded: img_gallery1_8219
[2026-02-04 11:53:34] [INFO] PikSendAPI: Image uploaded: img_gallery1_2177
[2026-02-04 11:53:34] [INFO] PikSendAPI: Image uploaded: img_gallery1_4670
[2026-02-04 11:53:34] [INFO] PikSendAPI: Fetched 1 galleries
[2026-02-04 11:53:34] [INFO] PikSendAPI: Image uploaded: img_gallery1_6457
[2026-02-04 11:53:34] [INFO] PikSendAPI: Image uploaded: img_gallery1_9867
[2026-02-04 11:53:34] [INFO] PikSendAPI: Image deleted: img_gallery1_6457
[2026-02-04 11:53:34] [INFO] PikSendAPI: Fetched 1 galleries
[2026-02-04 11:53:34] [INFO] PikSendAPI: Image uploaded: img_gallery1_8431
[2026-02-04 11:53:34] [INFO] PikSendAPI: Image uploaded: img_gallery1_3354
[2026-02-04 11:53:34] [INFO] PikSendAPI: Image uploaded: img_gallery1_3567
[2026-02-04 11:53:34] [INFO] PikSendAPI: Image uploaded: img_gallery1_8050
[2026-02-04 11:53:34] [INFO] PikSendAPI: Image uploaded: img_gallery1_9839
[2026-02-04 11:53:34] [INFO] PikSendAPI: Image deleted: img_gallery1_8431
[2026-02-04 11:53:34] [INFO] PikSendAPI: Image deleted: img_gallery1_3354
[2026-02-04 11:53:34] [INFO] PikSendAPI: Image deleted: img_gallery1_3567
[2026-02-04 11:53:34] [INFO] PikSendAPI: Fetched 1 galleries
[2026-02-04 11:53:34] [INFO] PikSendAPI: Image uploaded: img_gallery1_5264
[2026-02-04 11:53:34] [INFO] PikSendAPI: Image uploaded: img_gallery1_6637
[2026-02-04 11:53:34] [INFO] PikSendAPI: Fetched 1 galleries
[2026-02-04 11:53:34] [INFO] PikSendAPI: Image uploaded: img_gallery1_6600
[2026-02-04 11:53:34] [INFO] PikSendAPI: Image uploaded: img_gallery1_1407
[2026-02-04 11:53:34] [INFO] PikSendAPI: Image uploaded: img_gallery1_1257
[2026-02-04 11:53:34] [INFO] PikSendAPI: Image uploaded: img_gallery1_8671
[2026-02-04 11:53:34] [INFO] PikSendAPI: Image uploaded: img_gallery1_5482
[2026-02-04 11:53:34] [INFO] PikSendAPI: Fetched 1 galleries
[2026-02-04 11:53:34] [INFO] PikSendAPI: Image uploaded: img_gallery1_1269
[2026-02-04 11:53:34] [INFO] PikSendAPI: Fetched 1 galleries
[2026-02-04 11:53:34] [INFO] PikSendAPI: Image uploaded: img_gallery1_9324
[2026-02-04 11:53:34] [INFO] PikSendAPI: Image uploaded: img_gallery1_5011
[2026-02-04 11:53:34] [INFO] PikSendAPI: Fetched 1 galleries
[2026-02-04 11:53:34] [INFO] PikSendAPI: Image uploaded: img_gallery1_6001
[2026-02-04 11:53:34] [INFO] PikSendAPI: Image deleted: img_gallery1_6001
[2026-02-04 11:53:34] [INFO] PikSendAPI: Image uploaded: img_gallery1_1850
[2026-02-04 11:53:34] [INFO] PikSendAPI: Fetched 1 galleries
[2026-02-04 11:53:34] [INFO] PikSendAPI: Fetched 1 galleries
[2026-02-04 11:53:34] [INFO] PikSendAPI: Image uploaded: img_gallery1_3448
[2026-02-04 11:53:34] [INFO] PikSendAPI: Fetched 1 galleries
[2026-02-04 11:53:34] [INFO] PikSendAPI: Fetched 1 galleries
[2026-02-04 11:53:34] [INFO] PikSendAPI: Image uploaded: img_gallery1_2482
[2026-02-04 11:53:34] [INFO] PikSendAPI: Image uploaded: img_gallery1_7674
[2026-02-04 11:53:34] [INFO] PikSendAPI: Image uploaded: img_gallery1_2917
[2026-02-04 11:53:34] [INFO] PikSendAPI: Image uploaded: img_gallery1_9135
[2026-02-04 11:53:34] [INFO] PikSendAPI: Image uploaded: img_gallery1_7391
[2026-02-04 11:53:34] [INFO] PikSendAPI: Image uploaded: img_gallery1_3050
[2026-02-04 11:53:34] [INFO] PikSendAPI: Image uploaded: img_gallery1_2777
[2026-02-04 11:53:34] [INFO] PikSendAPI: Fetched 1 galleries
[2026-02-04 11:53:34] [INFO] PikSendAPI: Image uploaded: img_gallery1_2050
[2026-02-04 11:53:34] [INFO] PikSendAPI: Image uploaded: img_gallery1_1753
[2026-02-04 11:53:34] [INFO] PikSendAPI: Image uploaded: img_gallery1_6546
[2026-02-04 11:53:34] [INFO] PikSendAPI: Image uploaded: img_gallery1_4896
[2026-02-04 11:53:34] [INFO] PikSendAPI: Image uploaded: img_gallery1_9391
[2026-02-04 11:53:34] [INFO] PikSendAPI: Image deleted: img_gallery1_2050
[2026-02-04 11:53:34] [INFO] PikSendAPI: Image deleted: img_gallery1_1753
[2026-02-04 11:53:34] [INFO] PikSendAPI: Image uploaded: img_invalid_gallery_id_6623
[2026-02-04 11:53:34] [INFO] PikSendAPI: Fetched 1 galleries
[2026-02-04 11:53:34] [INFO] PikSendAPI: Image uploaded: img_gallery1_8649
[2026-02-04 11:53:34] [INFO] PikSendAPI: Fetched 1 galleries
[2026-02-04 11:53:34] [INFO] PikSendAPI: Image uploaded: img_gallery1_2445
[2026-02-04 11:53:34] [INFO] PikSendAPI: Image uploaded: img_gallery1_7526
[2026-02-04 11:53:34] [INFO] PikSendAPI: Image uploaded: img_gallery1_5948
[2026-02-04 11:53:34] [INFO] PikSendAPI: Image uploaded: img_gallery1_1628
[2026-02-04 11:53:34] [INFO] PikSendAPI: Image uploaded: img_gallery1_6767
[2026-02-04 11:53:34] [INFO] PikSendAPI: Image uploaded: img_gallery1_8500
[2026-02-04 11:53:34] [INFO] PikSendAPI: Image uploaded: img_gallery1_5118
[2026-02-04 11:53:34] [INFO] PikSendAPI: Image uploaded: img_gallery1_8944
[2026-02-04 11:53:34] [INFO] PikSendAPI: Image uploaded: img_gallery1_7215
[2026-02-04 11:53:34] [INFO] PikSendAPI: Image uploaded: img_gallery1_1640
[2026-02-04 11:53:34] [INFO] PikSendAPI: Image uploaded: img_gallery1_9947
[2026-02-04 11:53:34] [INFO] PikSendAPI: Image uploaded: img_gallery1_7474
[2026-02-04 11:53:34] [INFO] PikSendAPI: Image uploaded: img_gallery1_3292
[2026-02-04 11:53:34] [INFO] PikSendAPI: Image uploaded: img_gallery1_6164
[2026-02-04 11:53:34] [INFO] PikSendAPI: Image uploaded: img_gallery1_8489
[2026-02-04 11:53:34] [INFO] PikSendAPI: Image uploaded: img_gallery1_8325
[2026-02-04 11:53:34] [INFO] PikSendAPI: Image uploaded: img_gallery1_3892
[2026-02-04 11:53:34] [INFO] PikSendAPI: Image uploaded: img_gallery1_9334
[2026-02-04 11:53:34] [INFO] PikSendAPI: Image uploaded: img_gallery1_7583
[2026-02-04 11:53:34] [INFO] PikSendAPI: Image uploaded: img_gallery1_1700
[2026-02-04 11:53:34] [INFO] PikSendAPI: Image uploaded: img_gallery1_4729
[2026-02-04 11:53:34] [INFO] PikSendAPI: Image uploaded: img_gallery1_3318
[2026-02-04 11:53:34] [INFO] PikSendAPI: Image uploaded: img_gallery1_5081
[2026-02-04 11:53:34] [INFO] PikSendAPI: Image uploaded: img_gallery1_8756
[2026-02-04 11:53:34] [INFO] PikSendAPI: Image uploaded: img_gallery1_7997
[2026-02-04 11:53:34] [INFO] PikSendAPI: Image uploaded: img_gallery1_4850
[2026-02-04 11:53:34] [INFO] PikSendAPI: Image uploaded: img_gallery1_5265
[2026-02-04 11:53:34] [INFO] PikSendAPI: Image uploaded: img_gallery1_2001
[2026-02-04 11:53:34] [INFO] PikSendAPI: Image uploaded: img_gallery1_1093
[2026-02-04 11:53:34] [INFO] PikSendAPI: Image uploaded: img_gallery1_7496
[2026-02-04 11:53:34] [INFO] PikSendAPI: Image uploaded: img_gallery1_7615
[2026-02-04 11:53:34] [INFO] PikSendAPI: Image uploaded: img_gallery1_3560
[2026-02-04 11:53:34] [INFO] PikSendAPI: Image uploaded: img_gallery1_8243
[2026-02-04 11:53:34] [INFO] PikSendAPI: Image uploaded: img_gallery1_3344
[2026-02-04 11:53:34] [INFO] PikSendAPI: Image uploaded: img_gallery1_6114
[2026-02-04 11:53:34] [INFO] PikSendAPI: Image uploaded: img_gallery1_5255
[2026-02-04 11:53:34] [INFO] PikSendAPI: Image uploaded: img_gallery1_3070
[2026-02-04 11:53:34] [INFO] PikSendAPI: Image uploaded: img_gallery1_7693
[2026-02-04 11:53:34] [INFO] PikSendAPI: Image uploaded: img_gallery1_9859
[2026-02-04 11:53:34] [INFO] PikSendAPI: Image uploaded: img_gallery1_3959
[2026-02-04 11:53:34] [INFO] PikSendAPI: Image uploaded: img_gallery1_1135
[2026-02-04 11:53:34] [INFO] PikSendAPI: Image uploaded: img_gallery1_9827
[2026-02-04 11:53:34] [INFO] PikSendAPI: Image uploaded: img_gallery1_9489
[2026-02-04 11:53:34] [INFO] PikSendAPI: Image uploaded: img_gallery1_9010
[2026-02-04 11:53:34] [INFO] PikSendAPI: Image uploaded: img_gallery1_5992
[2026-02-04 11:53:34] [INFO] PikSendAPI: Image uploaded: img_gallery1_6221
[2026-02-04 11:53:34] [INFO] PikSendAPI: Image uploaded: img_gallery1_8987
[2026-02-04 11:53:34] [INFO] PikSendAPI: Image uploaded: img_gallery1_4978
[2026-02-04 11:53:34] [INFO] PikSendAPI: Image uploaded: img_gallery1_1691
[2026-02-04 11:53:34] [INFO] PikSendAPI: Image uploaded: img_gallery1_4057
[2026-02-04 11:53:34] [INFO] PikSendAPI: Image uploaded: img_gallery1_5732
[2026-02-04 11:53:34] [INFO] PikSendAPI: Image uploaded: img_gallery1_1082
[2026-02-04 11:53:34] [INFO] PikSendAPI: Image uploaded: img_gallery1_1180
[2026-02-04 11:53:34] [INFO] PikSendAPI: Image uploaded: img_gallery1_8417
[2026-02-04 11:53:34] [INFO] PikSendAPI: Image uploaded: img_gallery1_9377
[2026-02-04 11:53:34] [INFO] PikSendAPI: Image uploaded: img_gallery1_6004
[2026-02-04 11:53:34] [INFO] PikSendAPI: Image uploaded: img_gallery1_2687
[2026-02-04 11:53:34] [INFO] PikSendAPI: Image uploaded: img_gallery1_4580
[2026-02-04 11:53:34] [INFO] PikSendAPI: Image uploaded: img_gallery1_9736
[2026-02-04 11:53:34] [INFO] PikSendAPI: Image uploaded: img_gallery1_4679
[2026-02-04 11:53:34] [INFO] PikSendAPI: Image uploaded: img_gallery1_6254
[2026-02-04 11:53:34] [INFO] PikSendAPI: Image uploaded: img_gallery1_4801
[2026-02-04 11:53:34] [INFO] PikSendAPI: Image uploaded: img_gallery1_7325
[2026-02-04 11:53:34] [INFO] PikSendAPI: Image uploaded: img_gallery1_1108
[2026-02-04 11:53:34] [INFO] PikSendAPI: Image uploaded: img_gallery1_8299
[2026-02-04 11:53:34] [INFO] PikSendAPI: Image uploaded: img_gallery1_2805
[2026-02-04 11:53:34] [INFO] PikSendAPI: Image uploaded: img_gallery1_3400
[2026-02-04 11:53:34] [INFO] PikSendAPI: Image uploaded: img_gallery1_8420
[2026-02-04 11:53:34] [INFO] PikSendAPI: Image uploaded: img_gallery1_2642
[2026-02-04 11:53:34] [INFO] PikSendAPI: Image uploaded: img_gallery1_4461
[2026-02-04 11:53:34] [INFO] PikSendAPI: Image uploaded: img_gallery1_9666
[2026-02-04 11:53:34] [INFO] PikSendAPI: Image uploaded: img_gallery1_4534
[2026-02-04 11:53:34] [INFO] PikSendAPI: Image uploaded: img_gallery1_5033
[2026-02-04 11:53:34] [INFO] PikSendAPI: Image uploaded: img_gallery1_2949
[2026-02-04 11:53:34] [INFO] PikSendAPI: Image uploaded: img_gallery1_8693
[2026-02-04 11:53:34] [INFO] PikSendAPI: Image uploaded: img_gallery1_1946
[2026-02-04 11:53:34] [INFO] PikSendAPI: Image uploaded: img_gallery1_6779
[2026-02-04 11:53:34] [INFO] PikSendAPI: Image uploaded: img_gallery1_3297
[2026-02-04 11:53:34] [INFO] PikSendAPI: Image uploaded: img_gallery1_4632
[2026-02-04 11:53:34] [INFO] PikSendAPI: Image uploaded: img_gallery1_1410
[2026-02-04 11:53:34] [INFO] PikSendAPI: Image uploaded: img_gallery1_4101
[2026-02-04 11:53:34] [INFO] PikSendAPI: Image uploaded: img_gallery1_4250
[2026-02-04 11:53:34] [INFO] PikSendAPI: Image uploaded: img_gallery1_7978
[2026-02-04 11:53:34] [INFO] PikSendAPI: Image uploaded: img_gallery1_4271
[2026-02-04 11:53:34] [INFO] PikSendAPI: Image uploaded: img_gallery1_6527
[2026-02-04 11:53:34] [INFO] PikSendAPI: Image uploaded: img_gallery1_5092
[2026-02-04 11:53:34] [INFO] PikSendAPI: Image uploaded: img_gallery1_1431
[2026-02-04 11:53:34] [INFO] PikSendAPI: Image uploaded: img_gallery1_6621
[2026-02-04 11:53:34] [INFO] PikSendAPI: Image uploaded: img_gallery1_3141
[2026-02-04 11:53:34] [INFO] PikSendAPI: Image uploaded: img_gallery1_5710
[2026-02-04 11:53:34] [INFO] PikSendAPI: Image uploaded: img_gallery1_4184
[2026-02-04 11:53:34] [INFO] PikSendAPI: Image uploaded: img_gallery1_1037
[2026-02-04 11:53:34] [INFO] PikSendAPI: Image uploaded: img_gallery1_8195
[2026-02-04 11:53:34] [INFO] PikSendAPI: Image uploaded: img_gallery1_9315
[2026-02-04 11:53:34] [INFO] PikSendAPI: Image uploaded: img_gallery1_9582
[2026-02-04 11:53:34] [INFO] PikSendAPI: Image uploaded: img_gallery1_5630
[2026-02-04 11:53:34] [INFO] PikSendAPI: Image uploaded: img_gallery1_1033
[2026-02-04 11:53:34] [INFO] PikSendAPI: Image uploaded: img_gallery1_8310
[2026-02-04 11:53:34] [INFO] PikSendAPI: Image uploaded: img_gallery1_9212
[2026-02-04 11:53:34] [INFO] PikSendAPI: Image uploaded: img_gallery1_1760
[2026-02-04 11:53:34] [INFO] PikSendAPI: Fetched 1 galleries
[2026-02-04 11:53:34] [INFO] PikSendAPI: Image uploaded: img_gallery1_7766
